<?xml version="1.0" encoding="UTF-8"?>
<TestRun id="723b0a70-0728-4fcb-a1fa-2560cb22c405" name="Ewa@EWA-DELLV131 2014-06-30 21:27:02" runUser="Ewa-DellV131\Ewa" xmlns="http://microsoft.com/schemas/VisualStudio/TeamTest/2010">
  <TestSettings name="Local" id="c4f4939b-3f88-4cfc-b325-a068545cd073">
    <Description>These are default test settings for a local test run.</Description>
    <Deployment enabled="false" runDeploymentRoot="Ewa_EWA-DELLV131 2014-06-30 21_27_02">
      <DeploymentItem filename="C:\GitHub\elastic_collision\elastic-collision\collision\CollisionLibrary\bin\x86\Debug\CollisionLibrary.dll" />
    </Deployment>
    <Execution>
      <TestTypeSpecific />
      <AgentRule name="Execution Agents">
      </AgentRule>
    </Execution>
  </TestSettings>
  <Times creation="2014-06-30T21:27:02.4420948+02:00" queuing="2014-06-30T21:27:03.5721595+02:00" start="2014-06-30T21:27:03.5881604+02:00" finish="2014-06-30T21:27:03.8401748+02:00" />
  <ResultSummary outcome="Failed">
    <Counters total="1" executed="1" error="0" failed="1" timeout="0" aborted="0" inconclusive="0" passedButRunAborted="0" notRunnable="0" notExecuted="0" disconnected="0" warning="0" passed="0" completed="0" inProgress="0" pending="0" />
  </ResultSummary>
  <TestDefinitions>
    <UnitTest name="GetNextBallBallCollisionTestOneColl" storage="c:\github\elastic_collision\elastic-collision\collision\collisionlibrarytestproject\bin\debug\collisionlibrarytestproject.dll" id="5706bc5c-9e11-4309-7da3-559b179a1156">
      <Execution id="b3c3b764-a1e8-4da1-9490-53996ac51db1" />
      <TestMethod codeBase="C:/GitHub/elastic_collision/elastic-collision/collision/CollisionLibraryTestProject/bin/Debug/CollisionLibraryTestProject.DLL" adapterTypeName="Microsoft.VisualStudio.TestTools.TestTypes.Unit.UnitTestAdapter, Microsoft.VisualStudio.QualityTools.Tips.UnitTest.Adapter, Version=10.0.0.0, Culture=neutral, PublicKeyToken=b03f5f7f11d50a3a" className="CollisionLibraryTestProject.CollisionTest, CollisionLibraryTestProject, Version=1.0.0.0, Culture=neutral, PublicKeyToken=null" name="GetNextBallBallCollisionTestOneColl" />
    </UnitTest>
  </TestDefinitions>
  <TestLists>
    <TestList name="Results Not in a List" id="8c84fa94-04c1-424b-9868-57a2d4851a1d" />
    <TestList name="All Loaded Results" id="19431567-8539-422a-85d7-44ee4e166bda" />
  </TestLists>
  <TestEntries>
    <TestEntry testId="5706bc5c-9e11-4309-7da3-559b179a1156" executionId="b3c3b764-a1e8-4da1-9490-53996ac51db1" testListId="8c84fa94-04c1-424b-9868-57a2d4851a1d" />
  </TestEntries>
  <Results>
    <UnitTestResult executionId="b3c3b764-a1e8-4da1-9490-53996ac51db1" testId="5706bc5c-9e11-4309-7da3-559b179a1156" testName="GetNextBallBallCollisionTestOneColl" computerName="EWA-DELLV131" duration="00:00:00.0352421" startTime="2014-06-30T21:27:03.5891604+02:00" endTime="2014-06-30T21:27:03.8141733+02:00" testType="13cdc9d9-ddb5-4fa4-a97d-d965ccfc6d4b" outcome="Failed" testListId="8c84fa94-04c1-424b-9868-57a2d4851a1d" relativeResultsDirectory="b3c3b764-a1e8-4da1-9490-53996ac51db1">
      <Output>
        <ErrorInfo>
          <Message>Test method CollisionLibraryTestProject.CollisionTest.GetNextBallBallCollisionTestOneColl threw exception: 
System.ArgumentOutOfRangeException: Index was out of range. Must be non-negative and less than the size of the collection.
Parameter name: index</Message>
          <StackTrace>    at System.ThrowHelper.ThrowArgumentOutOfRangeException()
   at System.Collections.Generic.List`1.get_Item(Int32 index)
   at CollisionLibraryTestProject.CollisionTest.GetNextBallBallCollisionTestOneColl() in C:\GitHub\elastic_collision\elastic-collision\collision\CollisionLibraryTestProject\CollisionTest.cs:line 135
</StackTrace>
        </ErrorInfo>
      </Output>
    </UnitTestResult>
  </Results>
</TestRun>