<?xml version="1.0" encoding="UTF-8"?>
<TestRun id="0c772f70-0e06-4390-af4a-a09a1b647398" name="Ewa@EWA-DELLV131 2014-06-29 13:06:21" runUser="Ewa-DellV131\Ewa" xmlns="http://microsoft.com/schemas/VisualStudio/TeamTest/2010">
  <TestSettings name="Local" id="c4f4939b-3f88-4cfc-b325-a068545cd073">
    <Description>These are default test settings for a local test run.</Description>
    <Deployment enabled="false" runDeploymentRoot="Ewa_EWA-DELLV131 2014-06-29 13_06_21">
      <DeploymentItem filename="C:\GitHub\elastic_collision\elastic-collision\collision\CollisionLibrary\bin\x86\Debug\CollisionLibrary.dll" />
    </Deployment>
    <Execution>
      <TestTypeSpecific />
      <AgentRule name="Execution Agents">
      </AgentRule>
    </Execution>
  </TestSettings>
  <Times creation="2014-06-29T13:06:21.5590915+02:00" queuing="2014-06-29T13:06:22.9901733+02:00" start="2014-06-29T13:06:23.0171749+02:00" finish="2014-06-29T13:06:23.3571943+02:00" />
  <ResultSummary outcome="Failed">
    <Counters total="1" executed="1" error="0" failed="1" timeout="0" aborted="0" inconclusive="0" passedButRunAborted="0" notRunnable="0" notExecuted="0" disconnected="0" warning="0" passed="0" completed="0" inProgress="0" pending="0" />
    <RunInfos>
      <RunInfo computerName="EWA-DELLV131" outcome="Warning" timestamp="2014-06-29T13:06:22.7741610+02:00">
        <Text>Deployment is currently disabled. The deployment item 'CollisionLibrary.dll' on test 'CollisionLibraryTestProject.QuadraticEquationTest.CalcDeltaTest' was not deployed.</Text>
      </RunInfo>
    </RunInfos>
  </ResultSummary>
  <TestDefinitions>
    <UnitTest name="CalcDeltaTest" storage="c:\github\elastic_collision\elastic-collision\collision\collisionlibrarytestproject\bin\debug\collisionlibrarytestproject.dll" id="bb2906cf-c1cb-d472-a450-236ab18fe0d2">
      <DeploymentItems>
        <DeploymentItem filename="CollisionLibrary.dll" />
      </DeploymentItems>
      <Execution id="7831fafa-31ec-4a1c-bc11-bd2a24b2d25c" />
      <TestMethod codeBase="C:/GitHub/elastic_collision/elastic-collision/collision/CollisionLibraryTestProject/bin/Debug/CollisionLibraryTestProject.DLL" adapterTypeName="Microsoft.VisualStudio.TestTools.TestTypes.Unit.UnitTestAdapter, Microsoft.VisualStudio.QualityTools.Tips.UnitTest.Adapter, Version=10.0.0.0, Culture=neutral, PublicKeyToken=b03f5f7f11d50a3a" className="CollisionLibraryTestProject.QuadraticEquationTest, CollisionLibraryTestProject, Version=1.0.0.0, Culture=neutral, PublicKeyToken=null" name="CalcDeltaTest" />
    </UnitTest>
  </TestDefinitions>
  <TestLists>
    <TestList name="Results Not in a List" id="8c84fa94-04c1-424b-9868-57a2d4851a1d" />
    <TestList name="All Loaded Results" id="19431567-8539-422a-85d7-44ee4e166bda" />
  </TestLists>
  <TestEntries>
    <TestEntry testId="bb2906cf-c1cb-d472-a450-236ab18fe0d2" executionId="7831fafa-31ec-4a1c-bc11-bd2a24b2d25c" testListId="8c84fa94-04c1-424b-9868-57a2d4851a1d" />
  </TestEntries>
  <Results>
    <UnitTestResult executionId="7831fafa-31ec-4a1c-bc11-bd2a24b2d25c" testId="bb2906cf-c1cb-d472-a450-236ab18fe0d2" testName="CalcDeltaTest" computerName="EWA-DELLV131" duration="00:00:00.0423534" startTime="2014-06-29T13:06:23.0231752+02:00" endTime="2014-06-29T13:06:23.3111917+02:00" testType="13cdc9d9-ddb5-4fa4-a97d-d965ccfc6d4b" outcome="Failed" testListId="8c84fa94-04c1-424b-9868-57a2d4851a1d" relativeResultsDirectory="7831fafa-31ec-4a1c-bc11-bd2a24b2d25c">
      <Output>
        <ErrorInfo>
          <Message>Assert.AreEqual failed. Expected:&lt;6,928203&gt;. Actual:&lt;7,483315&gt;. </Message>
          <StackTrace>   at CollisionLibraryTestProject.QuadraticEquationTest.CalcDeltaTest() in C:\GitHub\elastic_collision\elastic-collision\collision\CollisionLibraryTestProject\QuadraticEquationTest.cs:line 79
</StackTrace>
        </ErrorInfo>
      </Output>
    </UnitTestResult>
  </Results>
</TestRun>