<?xml version="1.0" encoding="UTF-8"?>
<TestRun id="cb27c92f-349b-4122-a57b-518e49d934e4" name="Ewa@EWA-DELLV131 2014-07-11 19:36:58" runUser="Ewa-DellV131\Ewa" xmlns="http://microsoft.com/schemas/VisualStudio/TeamTest/2010">
  <TestSettings name="Local" id="c4f4939b-3f88-4cfc-b325-a068545cd073">
    <Description>These are default test settings for a local test run.</Description>
    <Deployment enabled="false" runDeploymentRoot="Ewa_EWA-DELLV131 2014-07-11 19_36_58">
      <DeploymentItem filename="C:\GitHub\elastic_collision\elastic-collision\elastic-collision\collision\CollisionLibrary\bin\x86\Debug\CollisionLibrary.dll" />
    </Deployment>
    <Execution>
      <TestTypeSpecific />
      <AgentRule name="Execution Agents">
      </AgentRule>
    </Execution>
  </TestSettings>
  <Times creation="2014-07-11T19:36:58.1446160+02:00" queuing="2014-07-11T19:36:59.7847098+02:00" start="2014-07-11T19:36:59.8417131+02:00" finish="2014-07-11T19:37:00.3067397+02:00" />
  <ResultSummary outcome="Failed">
    <Counters total="29" executed="29" passed="27" error="0" failed="2" timeout="0" aborted="0" inconclusive="0" passedButRunAborted="0" notRunnable="0" notExecuted="0" disconnected="0" warning="0" completed="0" inProgress="0" pending="0" />
  </ResultSummary>
  <TestDefinitions>
    <UnitTest name="GetNextBallBallCollisionTestTwoColl" storage="c:\github\elastic_collision\elastic-collision\elastic-collision\collision\collisionlibrarytestproject\bin\debug\collisionlibrarytestproject.dll" id="7ed5f16e-f344-44ac-916b-65054d8bd01b">
      <Execution id="8de85a81-c80f-4be9-832c-93855923f37e" />
      <TestMethod codeBase="C:/GitHub/elastic_collision/elastic-collision/elastic-collision/collision/CollisionLibraryTestProject/bin/Debug/CollisionLibraryTestProject.DLL" adapterTypeName="Microsoft.VisualStudio.TestTools.TestTypes.Unit.UnitTestAdapter, Microsoft.VisualStudio.QualityTools.Tips.UnitTest.Adapter, Version=10.0.0.0, Culture=neutral, PublicKeyToken=b03f5f7f11d50a3a" className="CollisionLibraryTestProject.CollisionTest, CollisionLibraryTestProject, Version=1.0.0.0, Culture=neutral, PublicKeyToken=null" name="GetNextBallBallCollisionTestTwoColl" />
    </UnitTest>
    <UnitTest name="CalcTangentTest" storage="c:\github\elastic_collision\elastic-collision\elastic-collision\collision\collisionlibrarytestproject\bin\debug\collisionlibrarytestproject.dll" id="4634d7bf-d54b-df2a-1a73-f348a6c652ae">
      <Execution id="d427bdbd-b095-4c31-ba01-be1f1f410f6e" />
      <TestMethod codeBase="C:/GitHub/elastic_collision/elastic-collision/elastic-collision/collision/CollisionLibraryTestProject/bin/Debug/CollisionLibraryTestProject.DLL" adapterTypeName="Microsoft.VisualStudio.TestTools.TestTypes.Unit.UnitTestAdapter, Microsoft.VisualStudio.QualityTools.Tips.UnitTest.Adapter, Version=10.0.0.0, Culture=neutral, PublicKeyToken=b03f5f7f11d50a3a" className="CollisionLibraryTestProject.TransformationTest, CollisionLibraryTestProject, Version=1.0.0.0, Culture=neutral, PublicKeyToken=null" name="CalcTangentTest" />
    </UnitTest>
    <UnitTest name="RTest" storage="c:\github\elastic_collision\elastic-collision\elastic-collision\collision\collisionlibrarytestproject\bin\debug\collisionlibrarytestproject.dll" id="bbe8b09c-135d-d595-ee98-0f76cfe71c8b">
      <Execution id="48ebecfd-b6b2-45e6-af32-e94434a0b25f" />
      <TestMethod codeBase="C:/GitHub/elastic_collision/elastic-collision/elastic-collision/collision/CollisionLibraryTestProject/bin/Debug/CollisionLibraryTestProject.DLL" adapterTypeName="Microsoft.VisualStudio.TestTools.TestTypes.Unit.UnitTestAdapter, Microsoft.VisualStudio.QualityTools.Tips.UnitTest.Adapter, Version=10.0.0.0, Culture=neutral, PublicKeyToken=b03f5f7f11d50a3a" className="CollisionLibraryTestProject.Ball2Test, CollisionLibraryTestProject, Version=1.0.0.0, Culture=neutral, PublicKeyToken=null" name="RTest" />
    </UnitTest>
    <UnitTest name="CalcPostImpactVBallWallTestLeftWallSecondObjBall" storage="c:\github\elastic_collision\elastic-collision\elastic-collision\collision\collisionlibrarytestproject\bin\debug\collisionlibrarytestproject.dll" id="784e8f61-09fe-d925-2bfc-30883fabec82">
      <Execution id="6aff7a1b-204e-48a5-a3c2-188935517a47" />
      <TestMethod codeBase="C:/GitHub/elastic_collision/elastic-collision/elastic-collision/collision/CollisionLibraryTestProject/bin/Debug/CollisionLibraryTestProject.DLL" adapterTypeName="Microsoft.VisualStudio.TestTools.TestTypes.Unit.UnitTestAdapter, Microsoft.VisualStudio.QualityTools.Tips.UnitTest.Adapter, Version=10.0.0.0, Culture=neutral, PublicKeyToken=b03f5f7f11d50a3a" className="CollisionLibraryTestProject.CollisionTest, CollisionLibraryTestProject, Version=1.0.0.0, Culture=neutral, PublicKeyToken=null" name="CalcPostImpactVBallWallTestLeftWallSecondObjBall" />
    </UnitTest>
    <UnitTest name="InstancesTestBallAndWall" storage="c:\github\elastic_collision\elastic-collision\elastic-collision\collision\collisionlibrarytestproject\bin\debug\collisionlibrarytestproject.dll" id="7d761d72-251c-20d5-aab6-9dcc35eeaf1c">
      <Execution id="ed5ede7b-4123-4d7d-bb92-672dcaa96dc3" />
      <TestMethod codeBase="C:/GitHub/elastic_collision/elastic-collision/elastic-collision/collision/CollisionLibraryTestProject/bin/Debug/CollisionLibraryTestProject.DLL" adapterTypeName="Microsoft.VisualStudio.TestTools.TestTypes.Unit.UnitTestAdapter, Microsoft.VisualStudio.QualityTools.Tips.UnitTest.Adapter, Version=10.0.0.0, Culture=neutral, PublicKeyToken=b03f5f7f11d50a3a" className="CollisionLibraryTestProject.Ball2Test, CollisionLibraryTestProject, Version=1.0.0.0, Culture=neutral, PublicKeyToken=null" name="InstancesTestBallAndWall" />
    </UnitTest>
    <UnitTest name="CalcPostImpactVBallWallTestBottom" storage="c:\github\elastic_collision\elastic-collision\elastic-collision\collision\collisionlibrarytestproject\bin\debug\collisionlibrarytestproject.dll" id="34353e91-ace8-7a0f-99a2-039d8f4a7db2">
      <Execution id="792d92d9-0cc3-4ecb-b60c-85a6feebb917" />
      <TestMethod codeBase="C:/GitHub/elastic_collision/elastic-collision/elastic-collision/collision/CollisionLibraryTestProject/bin/Debug/CollisionLibraryTestProject.DLL" adapterTypeName="Microsoft.VisualStudio.TestTools.TestTypes.Unit.UnitTestAdapter, Microsoft.VisualStudio.QualityTools.Tips.UnitTest.Adapter, Version=10.0.0.0, Culture=neutral, PublicKeyToken=b03f5f7f11d50a3a" className="CollisionLibraryTestProject.CollisionTest, CollisionLibraryTestProject, Version=1.0.0.0, Culture=neutral, PublicKeyToken=null" name="CalcPostImpactVBallWallTestBottom" />
    </UnitTest>
    <UnitTest name="CalcPostImpactVBallWallTestRight" storage="c:\github\elastic_collision\elastic-collision\elastic-collision\collision\collisionlibrarytestproject\bin\debug\collisionlibrarytestproject.dll" id="73f76c6c-5436-6e0a-c0de-a320db1d0190">
      <Execution id="ae2ad241-7278-4ba6-9ad6-f5eac512ec7f" />
      <TestMethod codeBase="C:/GitHub/elastic_collision/elastic-collision/elastic-collision/collision/CollisionLibraryTestProject/bin/Debug/CollisionLibraryTestProject.DLL" adapterTypeName="Microsoft.VisualStudio.TestTools.TestTypes.Unit.UnitTestAdapter, Microsoft.VisualStudio.QualityTools.Tips.UnitTest.Adapter, Version=10.0.0.0, Culture=neutral, PublicKeyToken=b03f5f7f11d50a3a" className="CollisionLibraryTestProject.CollisionTest, CollisionLibraryTestProject, Version=1.0.0.0, Culture=neutral, PublicKeyToken=null" name="CalcPostImpactVBallWallTestRight" />
    </UnitTest>
    <UnitTest name="InstancesTestBallWallBall" storage="c:\github\elastic_collision\elastic-collision\elastic-collision\collision\collisionlibrarytestproject\bin\debug\collisionlibrarytestproject.dll" id="032206b2-427b-faa8-3e97-a121db3e0a31">
      <Execution id="f1205085-2215-4b79-8247-d7b08cb72e41" />
      <TestMethod codeBase="C:/GitHub/elastic_collision/elastic-collision/elastic-collision/collision/CollisionLibraryTestProject/bin/Debug/CollisionLibraryTestProject.DLL" adapterTypeName="Microsoft.VisualStudio.TestTools.TestTypes.Unit.UnitTestAdapter, Microsoft.VisualStudio.QualityTools.Tips.UnitTest.Adapter, Version=10.0.0.0, Culture=neutral, PublicKeyToken=b03f5f7f11d50a3a" className="CollisionLibraryTestProject.Ball2Test, CollisionLibraryTestProject, Version=1.0.0.0, Culture=neutral, PublicKeyToken=null" name="InstancesTestBallWallBall" />
    </UnitTest>
    <UnitTest name="ProjectionTest" storage="c:\github\elastic_collision\elastic-collision\elastic-collision\collision\collisionlibrarytestproject\bin\debug\collisionlibrarytestproject.dll" id="e8258cd7-530e-8306-5955-7a3457761eb3">
      <Execution id="3e2229cf-3daa-46b1-82ec-8276b500a7e4" />
      <TestMethod codeBase="C:/GitHub/elastic_collision/elastic-collision/elastic-collision/collision/CollisionLibraryTestProject/bin/Debug/CollisionLibraryTestProject.DLL" adapterTypeName="Microsoft.VisualStudio.TestTools.TestTypes.Unit.UnitTestAdapter, Microsoft.VisualStudio.QualityTools.Tips.UnitTest.Adapter, Version=10.0.0.0, Culture=neutral, PublicKeyToken=b03f5f7f11d50a3a" className="CollisionLibraryTestProject.TransformationTest, CollisionLibraryTestProject, Version=1.0.0.0, Culture=neutral, PublicKeyToken=null" name="ProjectionTest" />
    </UnitTest>
    <UnitTest name="Ball2ConstructorTestStationaryWithCoord" storage="c:\github\elastic_collision\elastic-collision\elastic-collision\collision\collisionlibrarytestproject\bin\debug\collisionlibrarytestproject.dll" id="58ee5bcc-8c6f-c602-a62f-ce50ed8cb54d">
      <Execution id="e5a3f30a-025b-46c3-b536-f10a6774e46a" />
      <TestMethod codeBase="C:/GitHub/elastic_collision/elastic-collision/elastic-collision/collision/CollisionLibraryTestProject/bin/Debug/CollisionLibraryTestProject.DLL" adapterTypeName="Microsoft.VisualStudio.TestTools.TestTypes.Unit.UnitTestAdapter, Microsoft.VisualStudio.QualityTools.Tips.UnitTest.Adapter, Version=10.0.0.0, Culture=neutral, PublicKeyToken=b03f5f7f11d50a3a" className="CollisionLibraryTestProject.Ball2Test, CollisionLibraryTestProject, Version=1.0.0.0, Culture=neutral, PublicKeyToken=null" name="Ball2ConstructorTestStationaryWithCoord" />
    </UnitTest>
    <UnitTest name="CalcDeltaTest" storage="c:\github\elastic_collision\elastic-collision\elastic-collision\collision\collisionlibrarytestproject\bin\debug\collisionlibrarytestproject.dll" id="bb2906cf-c1cb-d472-a450-236ab18fe0d2">
      <DeploymentItems>
        <DeploymentItem filename="CollisionLibrary.dll" />
      </DeploymentItems>
      <Execution id="8ddb08dc-d5aa-434a-bc9e-bcaef7aba5a9" />
      <TestMethod codeBase="C:/GitHub/elastic_collision/elastic-collision/elastic-collision/collision/CollisionLibraryTestProject/bin/Debug/CollisionLibraryTestProject.DLL" adapterTypeName="Microsoft.VisualStudio.TestTools.TestTypes.Unit.UnitTestAdapter, Microsoft.VisualStudio.QualityTools.Tips.UnitTest.Adapter, Version=10.0.0.0, Culture=neutral, PublicKeyToken=b03f5f7f11d50a3a" className="CollisionLibraryTestProject.QuadraticEquationTest, CollisionLibraryTestProject, Version=1.0.0.0, Culture=neutral, PublicKeyToken=null" name="CalcDeltaTest" />
    </UnitTest>
    <UnitTest name="CalcPostImpactVBallWallTestLeftWallFirstObjBall" storage="c:\github\elastic_collision\elastic-collision\elastic-collision\collision\collisionlibrarytestproject\bin\debug\collisionlibrarytestproject.dll" id="40aa7ec1-7f7a-70fb-9478-63e77f316a25">
      <Execution id="72e5163c-23b5-40c4-8438-de2f1a8be1aa" />
      <TestMethod codeBase="C:/GitHub/elastic_collision/elastic-collision/elastic-collision/collision/CollisionLibraryTestProject/bin/Debug/CollisionLibraryTestProject.DLL" adapterTypeName="Microsoft.VisualStudio.TestTools.TestTypes.Unit.UnitTestAdapter, Microsoft.VisualStudio.QualityTools.Tips.UnitTest.Adapter, Version=10.0.0.0, Culture=neutral, PublicKeyToken=b03f5f7f11d50a3a" className="CollisionLibraryTestProject.CollisionTest, CollisionLibraryTestProject, Version=1.0.0.0, Culture=neutral, PublicKeyToken=null" name="CalcPostImpactVBallWallTestLeftWallFirstObjBall" />
    </UnitTest>
    <UnitTest name="CalcPostImpactVBallWallTestTop" storage="c:\github\elastic_collision\elastic-collision\elastic-collision\collision\collisionlibrarytestproject\bin\debug\collisionlibrarytestproject.dll" id="668cf586-4fac-4e50-8a1d-2acfc3cbf178">
      <Execution id="a43e7202-56ce-41dc-867b-54ed56c22402" />
      <TestMethod codeBase="C:/GitHub/elastic_collision/elastic-collision/elastic-collision/collision/CollisionLibraryTestProject/bin/Debug/CollisionLibraryTestProject.DLL" adapterTypeName="Microsoft.VisualStudio.TestTools.TestTypes.Unit.UnitTestAdapter, Microsoft.VisualStudio.QualityTools.Tips.UnitTest.Adapter, Version=10.0.0.0, Culture=neutral, PublicKeyToken=b03f5f7f11d50a3a" className="CollisionLibraryTestProject.CollisionTest, CollisionLibraryTestProject, Version=1.0.0.0, Culture=neutral, PublicKeyToken=null" name="CalcPostImpactVBallWallTestTop" />
    </UnitTest>
    <UnitTest name="MoveBallsToTimeTestCheckIfNextCollisionsIsUpdated" storage="c:\github\elastic_collision\elastic-collision\elastic-collision\collision\collisionlibrarytestproject\bin\debug\collisionlibrarytestproject.dll" id="df5f5c38-cfd2-6516-3825-f9e1076b99ba">
      <Execution id="d124e309-c92e-4e6b-ab6d-aea01bb8f0ca" />
      <TestMethod codeBase="C:/GitHub/elastic_collision/elastic-collision/elastic-collision/collision/CollisionLibraryTestProject/bin/Debug/CollisionLibraryTestProject.DLL" adapterTypeName="Microsoft.VisualStudio.TestTools.TestTypes.Unit.UnitTestAdapter, Microsoft.VisualStudio.QualityTools.Tips.UnitTest.Adapter, Version=10.0.0.0, Culture=neutral, PublicKeyToken=b03f5f7f11d50a3a" className="CollisionLibraryTestProject.CollisionTest, CollisionLibraryTestProject, Version=1.0.0.0, Culture=neutral, PublicKeyToken=null" name="MoveBallsToTimeTestCheckIfNextCollisionsIsUpdated" />
    </UnitTest>
    <UnitTest name="Ball2ConstructorTest2" storage="c:\github\elastic_collision\elastic-collision\elastic-collision\collision\collisionlibrarytestproject\bin\debug\collisionlibrarytestproject.dll" id="dd22bf8f-6c73-d575-32f8-6d9ecb277f31">
      <Execution id="9af61464-4c2c-49e1-b096-81728b3cfae7" />
      <TestMethod codeBase="C:/GitHub/elastic_collision/elastic-collision/elastic-collision/collision/CollisionLibraryTestProject/bin/Debug/CollisionLibraryTestProject.DLL" adapterTypeName="Microsoft.VisualStudio.TestTools.TestTypes.Unit.UnitTestAdapter, Microsoft.VisualStudio.QualityTools.Tips.UnitTest.Adapter, Version=10.0.0.0, Culture=neutral, PublicKeyToken=b03f5f7f11d50a3a" className="CollisionLibraryTestProject.Ball2Test, CollisionLibraryTestProject, Version=1.0.0.0, Culture=neutral, PublicKeyToken=null" name="Ball2ConstructorTest2" />
    </UnitTest>
    <UnitTest name="InstancesTestTwoBalls" storage="c:\github\elastic_collision\elastic-collision\elastic-collision\collision\collisionlibrarytestproject\bin\debug\collisionlibrarytestproject.dll" id="a0e243aa-6d6f-0caa-119c-cc5cf78a3b81">
      <Execution id="5ae097e5-e17f-48e8-a487-ed517be745f7" />
      <TestMethod codeBase="C:/GitHub/elastic_collision/elastic-collision/elastic-collision/collision/CollisionLibraryTestProject/bin/Debug/CollisionLibraryTestProject.DLL" adapterTypeName="Microsoft.VisualStudio.TestTools.TestTypes.Unit.UnitTestAdapter, Microsoft.VisualStudio.QualityTools.Tips.UnitTest.Adapter, Version=10.0.0.0, Culture=neutral, PublicKeyToken=b03f5f7f11d50a3a" className="CollisionLibraryTestProject.Ball2Test, CollisionLibraryTestProject, Version=1.0.0.0, Culture=neutral, PublicKeyToken=null" name="InstancesTestTwoBalls" />
    </UnitTest>
    <UnitTest name="CalcNormalTest" storage="c:\github\elastic_collision\elastic-collision\elastic-collision\collision\collisionlibrarytestproject\bin\debug\collisionlibrarytestproject.dll" id="91370910-7b93-11ae-cf00-2de71bf169a8">
      <Execution id="8280d006-8f57-48d5-b5e0-9de76e8fe51d" />
      <TestMethod codeBase="C:/GitHub/elastic_collision/elastic-collision/elastic-collision/collision/CollisionLibraryTestProject/bin/Debug/CollisionLibraryTestProject.DLL" adapterTypeName="Microsoft.VisualStudio.TestTools.TestTypes.Unit.UnitTestAdapter, Microsoft.VisualStudio.QualityTools.Tips.UnitTest.Adapter, Version=10.0.0.0, Culture=neutral, PublicKeyToken=b03f5f7f11d50a3a" className="CollisionLibraryTestProject.TransformationTest, CollisionLibraryTestProject, Version=1.0.0.0, Culture=neutral, PublicKeyToken=null" name="CalcNormalTest" />
    </UnitTest>
    <UnitTest name="MTest" storage="c:\github\elastic_collision\elastic-collision\elastic-collision\collision\collisionlibrarytestproject\bin\debug\collisionlibrarytestproject.dll" id="c4c0d519-5736-4288-25ad-cc60957d2be9">
      <Execution id="1c0f2886-fb45-4699-89da-61d9f9db1f28" />
      <TestMethod codeBase="C:/GitHub/elastic_collision/elastic-collision/elastic-collision/collision/CollisionLibraryTestProject/bin/Debug/CollisionLibraryTestProject.DLL" adapterTypeName="Microsoft.VisualStudio.TestTools.TestTypes.Unit.UnitTestAdapter, Microsoft.VisualStudio.QualityTools.Tips.UnitTest.Adapter, Version=10.0.0.0, Culture=neutral, PublicKeyToken=b03f5f7f11d50a3a" className="CollisionLibraryTestProject.Ball2Test, CollisionLibraryTestProject, Version=1.0.0.0, Culture=neutral, PublicKeyToken=null" name="MTest" />
    </UnitTest>
    <UnitTest name="VTest" storage="c:\github\elastic_collision\elastic-collision\elastic-collision\collision\collisionlibrarytestproject\bin\debug\collisionlibrarytestproject.dll" id="30e7782c-8729-7239-4543-6500720aba5e">
      <Execution id="810f912b-ec1d-431b-9fd8-187c69daf81b" />
      <TestMethod codeBase="C:/GitHub/elastic_collision/elastic-collision/elastic-collision/collision/CollisionLibraryTestProject/bin/Debug/CollisionLibraryTestProject.DLL" adapterTypeName="Microsoft.VisualStudio.TestTools.TestTypes.Unit.UnitTestAdapter, Microsoft.VisualStudio.QualityTools.Tips.UnitTest.Adapter, Version=10.0.0.0, Culture=neutral, PublicKeyToken=b03f5f7f11d50a3a" className="CollisionLibraryTestProject.Ball2Test, CollisionLibraryTestProject, Version=1.0.0.0, Culture=neutral, PublicKeyToken=null" name="VTest" />
    </UnitTest>
    <UnitTest name="CoordinatesTest" storage="c:\github\elastic_collision\elastic-collision\elastic-collision\collision\collisionlibrarytestproject\bin\debug\collisionlibrarytestproject.dll" id="c1863ef5-7966-c091-6434-a5be8c7371cc">
      <Execution id="69d745c2-c624-4dea-bcbe-9a11322a1265" />
      <TestMethod codeBase="C:/GitHub/elastic_collision/elastic-collision/elastic-collision/collision/CollisionLibraryTestProject/bin/Debug/CollisionLibraryTestProject.DLL" adapterTypeName="Microsoft.VisualStudio.TestTools.TestTypes.Unit.UnitTestAdapter, Microsoft.VisualStudio.QualityTools.Tips.UnitTest.Adapter, Version=10.0.0.0, Culture=neutral, PublicKeyToken=b03f5f7f11d50a3a" className="CollisionLibraryTestProject.Ball2Test, CollisionLibraryTestProject, Version=1.0.0.0, Culture=neutral, PublicKeyToken=null" name="CoordinatesTest" />
    </UnitTest>
    <UnitTest name="GetBallWallCollisionTimeTestRightWall" storage="c:\github\elastic_collision\elastic-collision\elastic-collision\collision\collisionlibrarytestproject\bin\debug\collisionlibrarytestproject.dll" id="f8a6fddc-bbdc-a807-1c05-aef0110fa10e">
      <DeploymentItems>
        <DeploymentItem filename="CollisionLibrary.dll" />
      </DeploymentItems>
      <Execution id="f4f08222-2e66-4134-837d-b9d56f6b8086" />
      <TestMethod codeBase="C:/GitHub/elastic_collision/elastic-collision/elastic-collision/collision/CollisionLibraryTestProject/bin/Debug/CollisionLibraryTestProject.DLL" adapterTypeName="Microsoft.VisualStudio.TestTools.TestTypes.Unit.UnitTestAdapter, Microsoft.VisualStudio.QualityTools.Tips.UnitTest.Adapter, Version=10.0.0.0, Culture=neutral, PublicKeyToken=b03f5f7f11d50a3a" className="CollisionLibraryTestProject.CollisionTest, CollisionLibraryTestProject, Version=1.0.0.0, Culture=neutral, PublicKeyToken=null" name="GetBallWallCollisionTimeTestRightWall" />
    </UnitTest>
    <UnitTest name="GetNextBallWallCollisionTestTwoDiffParrarelBalls" storage="c:\github\elastic_collision\elastic-collision\elastic-collision\collision\collisionlibrarytestproject\bin\debug\collisionlibrarytestproject.dll" id="83e512b6-d982-3129-eb57-35fb4084a312">
      <DeploymentItems>
        <DeploymentItem filename="CollisionLibrary.dll" />
      </DeploymentItems>
      <Execution id="dc83eeb8-060c-4e75-a91b-ec67831ef5f8" />
      <TestMethod codeBase="C:/GitHub/elastic_collision/elastic-collision/elastic-collision/collision/CollisionLibraryTestProject/bin/Debug/CollisionLibraryTestProject.DLL" adapterTypeName="Microsoft.VisualStudio.TestTools.TestTypes.Unit.UnitTestAdapter, Microsoft.VisualStudio.QualityTools.Tips.UnitTest.Adapter, Version=10.0.0.0, Culture=neutral, PublicKeyToken=b03f5f7f11d50a3a" className="CollisionLibraryTestProject.CollisionTest, CollisionLibraryTestProject, Version=1.0.0.0, Culture=neutral, PublicKeyToken=null" name="GetNextBallWallCollisionTestTwoDiffParrarelBalls" />
    </UnitTest>
    <UnitTest name="CalcTangentTestWithGivenNormal" storage="c:\github\elastic_collision\elastic-collision\elastic-collision\collision\collisionlibrarytestproject\bin\debug\collisionlibrarytestproject.dll" id="c958cc52-009c-8b64-166e-da652b2033e8">
      <Execution id="0b14e126-017b-4ce2-b734-145d8111a5cf" />
      <TestMethod codeBase="C:/GitHub/elastic_collision/elastic-collision/elastic-collision/collision/CollisionLibraryTestProject/bin/Debug/CollisionLibraryTestProject.DLL" adapterTypeName="Microsoft.VisualStudio.TestTools.TestTypes.Unit.UnitTestAdapter, Microsoft.VisualStudio.QualityTools.Tips.UnitTest.Adapter, Version=10.0.0.0, Culture=neutral, PublicKeyToken=b03f5f7f11d50a3a" className="CollisionLibraryTestProject.TransformationTest, CollisionLibraryTestProject, Version=1.0.0.0, Culture=neutral, PublicKeyToken=null" name="CalcTangentTestWithGivenNormal" />
    </UnitTest>
    <UnitTest name="GetNextBallBallCollisionTestOneCollSameDir" storage="c:\github\elastic_collision\elastic-collision\elastic-collision\collision\collisionlibrarytestproject\bin\debug\collisionlibrarytestproject.dll" id="3e0141b4-db2c-c6c9-7b7a-c4dad6bc2bc3">
      <Execution id="a21860c5-8647-44ec-85bb-b9492b5e5a32" />
      <TestMethod codeBase="C:/GitHub/elastic_collision/elastic-collision/elastic-collision/collision/CollisionLibraryTestProject/bin/Debug/CollisionLibraryTestProject.DLL" adapterTypeName="Microsoft.VisualStudio.TestTools.TestTypes.Unit.UnitTestAdapter, Microsoft.VisualStudio.QualityTools.Tips.UnitTest.Adapter, Version=10.0.0.0, Culture=neutral, PublicKeyToken=b03f5f7f11d50a3a" className="CollisionLibraryTestProject.CollisionTest, CollisionLibraryTestProject, Version=1.0.0.0, Culture=neutral, PublicKeyToken=null" name="GetNextBallBallCollisionTestOneCollSameDir" />
    </UnitTest>
    <UnitTest name="CalcPostImpactVBallBallTest" storage="c:\github\elastic_collision\elastic-collision\elastic-collision\collision\collisionlibrarytestproject\bin\debug\collisionlibrarytestproject.dll" id="027a4800-8390-355f-bb69-f94026fedaec">
      <Execution id="a578fcd7-4049-4fe9-b2fa-8f384a36c2aa" />
      <TestMethod codeBase="C:/GitHub/elastic_collision/elastic-collision/elastic-collision/collision/CollisionLibraryTestProject/bin/Debug/CollisionLibraryTestProject.DLL" adapterTypeName="Microsoft.VisualStudio.TestTools.TestTypes.Unit.UnitTestAdapter, Microsoft.VisualStudio.QualityTools.Tips.UnitTest.Adapter, Version=10.0.0.0, Culture=neutral, PublicKeyToken=b03f5f7f11d50a3a" className="CollisionLibraryTestProject.CollisionTest, CollisionLibraryTestProject, Version=1.0.0.0, Culture=neutral, PublicKeyToken=null" name="CalcPostImpactVBallBallTest" />
    </UnitTest>
    <UnitTest name="GetNextBallWallCollisionTestTwoTheSameParrarelBalls" storage="c:\github\elastic_collision\elastic-collision\elastic-collision\collision\collisionlibrarytestproject\bin\debug\collisionlibrarytestproject.dll" id="37b52716-da34-c15f-e28a-1291c389449e">
      <DeploymentItems>
        <DeploymentItem filename="CollisionLibrary.dll" />
      </DeploymentItems>
      <Execution id="5a8968a3-3111-42e7-bece-dc7fc820f155" />
      <TestMethod codeBase="C:/GitHub/elastic_collision/elastic-collision/elastic-collision/collision/CollisionLibraryTestProject/bin/Debug/CollisionLibraryTestProject.DLL" adapterTypeName="Microsoft.VisualStudio.TestTools.TestTypes.Unit.UnitTestAdapter, Microsoft.VisualStudio.QualityTools.Tips.UnitTest.Adapter, Version=10.0.0.0, Culture=neutral, PublicKeyToken=b03f5f7f11d50a3a" className="CollisionLibraryTestProject.CollisionTest, CollisionLibraryTestProject, Version=1.0.0.0, Culture=neutral, PublicKeyToken=null" name="GetNextBallWallCollisionTestTwoTheSameParrarelBalls" />
    </UnitTest>
    <UnitTest name="GetNextBallBallCollisionTestOneColl" storage="c:\github\elastic_collision\elastic-collision\elastic-collision\collision\collisionlibrarytestproject\bin\debug\collisionlibrarytestproject.dll" id="5706bc5c-9e11-4309-7da3-559b179a1156">
      <Execution id="15ce9c2f-9dd9-42e0-ae5b-e9114ca07f82" />
      <TestMethod codeBase="C:/GitHub/elastic_collision/elastic-collision/elastic-collision/collision/CollisionLibraryTestProject/bin/Debug/CollisionLibraryTestProject.DLL" adapterTypeName="Microsoft.VisualStudio.TestTools.TestTypes.Unit.UnitTestAdapter, Microsoft.VisualStudio.QualityTools.Tips.UnitTest.Adapter, Version=10.0.0.0, Culture=neutral, PublicKeyToken=b03f5f7f11d50a3a" className="CollisionLibraryTestProject.CollisionTest, CollisionLibraryTestProject, Version=1.0.0.0, Culture=neutral, PublicKeyToken=null" name="GetNextBallBallCollisionTestOneColl" />
    </UnitTest>
    <UnitTest name="Ball2ConstructorTestDefault" storage="c:\github\elastic_collision\elastic-collision\elastic-collision\collision\collisionlibrarytestproject\bin\debug\collisionlibrarytestproject.dll" id="01dbbfbe-7c0f-f7a5-974d-f83eb21e709f">
      <Execution id="3df26826-dc90-4102-b10b-c233e722ce84" />
      <TestMethod codeBase="C:/GitHub/elastic_collision/elastic-collision/elastic-collision/collision/CollisionLibraryTestProject/bin/Debug/CollisionLibraryTestProject.DLL" adapterTypeName="Microsoft.VisualStudio.TestTools.TestTypes.Unit.UnitTestAdapter, Microsoft.VisualStudio.QualityTools.Tips.UnitTest.Adapter, Version=10.0.0.0, Culture=neutral, PublicKeyToken=b03f5f7f11d50a3a" className="CollisionLibraryTestProject.Ball2Test, CollisionLibraryTestProject, Version=1.0.0.0, Culture=neutral, PublicKeyToken=null" name="Ball2ConstructorTestDefault" />
    </UnitTest>
    <UnitTest name="CalcSmallerPositiveXTest" storage="c:\github\elastic_collision\elastic-collision\elastic-collision\collision\collisionlibrarytestproject\bin\debug\collisionlibrarytestproject.dll" id="04aec189-043e-ca62-f16f-2761a476fe4e">
      <DeploymentItems>
        <DeploymentItem filename="CollisionLibrary.dll" />
      </DeploymentItems>
      <Execution id="03e430f1-ccde-464a-aec2-c877d1404acd" />
      <TestMethod codeBase="C:/GitHub/elastic_collision/elastic-collision/elastic-collision/collision/CollisionLibraryTestProject/bin/Debug/CollisionLibraryTestProject.DLL" adapterTypeName="Microsoft.VisualStudio.TestTools.TestTypes.Unit.UnitTestAdapter, Microsoft.VisualStudio.QualityTools.Tips.UnitTest.Adapter, Version=10.0.0.0, Culture=neutral, PublicKeyToken=b03f5f7f11d50a3a" className="CollisionLibraryTestProject.QuadraticEquationTest, CollisionLibraryTestProject, Version=1.0.0.0, Culture=neutral, PublicKeyToken=null" name="CalcSmallerPositiveXTest" />
    </UnitTest>
  </TestDefinitions>
  <TestLists>
    <TestList name="Results Not in a List" id="8c84fa94-04c1-424b-9868-57a2d4851a1d" />
    <TestList name="All Loaded Results" id="19431567-8539-422a-85d7-44ee4e166bda" />
  </TestLists>
  <TestEntries>
    <TestEntry testId="01dbbfbe-7c0f-f7a5-974d-f83eb21e709f" executionId="3df26826-dc90-4102-b10b-c233e722ce84" testListId="8c84fa94-04c1-424b-9868-57a2d4851a1d" />
    <TestEntry testId="027a4800-8390-355f-bb69-f94026fedaec" executionId="a578fcd7-4049-4fe9-b2fa-8f384a36c2aa" testListId="8c84fa94-04c1-424b-9868-57a2d4851a1d" />
    <TestEntry testId="032206b2-427b-faa8-3e97-a121db3e0a31" executionId="f1205085-2215-4b79-8247-d7b08cb72e41" testListId="8c84fa94-04c1-424b-9868-57a2d4851a1d" />
    <TestEntry testId="04aec189-043e-ca62-f16f-2761a476fe4e" executionId="03e430f1-ccde-464a-aec2-c877d1404acd" testListId="8c84fa94-04c1-424b-9868-57a2d4851a1d" />
    <TestEntry testId="30e7782c-8729-7239-4543-6500720aba5e" executionId="810f912b-ec1d-431b-9fd8-187c69daf81b" testListId="8c84fa94-04c1-424b-9868-57a2d4851a1d" />
    <TestEntry testId="34353e91-ace8-7a0f-99a2-039d8f4a7db2" executionId="792d92d9-0cc3-4ecb-b60c-85a6feebb917" testListId="8c84fa94-04c1-424b-9868-57a2d4851a1d" />
    <TestEntry testId="37b52716-da34-c15f-e28a-1291c389449e" executionId="5a8968a3-3111-42e7-bece-dc7fc820f155" testListId="8c84fa94-04c1-424b-9868-57a2d4851a1d" />
    <TestEntry testId="3e0141b4-db2c-c6c9-7b7a-c4dad6bc2bc3" executionId="a21860c5-8647-44ec-85bb-b9492b5e5a32" testListId="8c84fa94-04c1-424b-9868-57a2d4851a1d" />
    <TestEntry testId="40aa7ec1-7f7a-70fb-9478-63e77f316a25" executionId="72e5163c-23b5-40c4-8438-de2f1a8be1aa" testListId="8c84fa94-04c1-424b-9868-57a2d4851a1d" />
    <TestEntry testId="4634d7bf-d54b-df2a-1a73-f348a6c652ae" executionId="d427bdbd-b095-4c31-ba01-be1f1f410f6e" testListId="8c84fa94-04c1-424b-9868-57a2d4851a1d" />
    <TestEntry testId="5706bc5c-9e11-4309-7da3-559b179a1156" executionId="15ce9c2f-9dd9-42e0-ae5b-e9114ca07f82" testListId="8c84fa94-04c1-424b-9868-57a2d4851a1d" />
    <TestEntry testId="58ee5bcc-8c6f-c602-a62f-ce50ed8cb54d" executionId="e5a3f30a-025b-46c3-b536-f10a6774e46a" testListId="8c84fa94-04c1-424b-9868-57a2d4851a1d" />
    <TestEntry testId="668cf586-4fac-4e50-8a1d-2acfc3cbf178" executionId="a43e7202-56ce-41dc-867b-54ed56c22402" testListId="8c84fa94-04c1-424b-9868-57a2d4851a1d" />
    <TestEntry testId="73f76c6c-5436-6e0a-c0de-a320db1d0190" executionId="ae2ad241-7278-4ba6-9ad6-f5eac512ec7f" testListId="8c84fa94-04c1-424b-9868-57a2d4851a1d" />
    <TestEntry testId="784e8f61-09fe-d925-2bfc-30883fabec82" executionId="6aff7a1b-204e-48a5-a3c2-188935517a47" testListId="8c84fa94-04c1-424b-9868-57a2d4851a1d" />
    <TestEntry testId="7d761d72-251c-20d5-aab6-9dcc35eeaf1c" executionId="ed5ede7b-4123-4d7d-bb92-672dcaa96dc3" testListId="8c84fa94-04c1-424b-9868-57a2d4851a1d" />
    <TestEntry testId="7ed5f16e-f344-44ac-916b-65054d8bd01b" executionId="8de85a81-c80f-4be9-832c-93855923f37e" testListId="8c84fa94-04c1-424b-9868-57a2d4851a1d" />
    <TestEntry testId="83e512b6-d982-3129-eb57-35fb4084a312" executionId="dc83eeb8-060c-4e75-a91b-ec67831ef5f8" testListId="8c84fa94-04c1-424b-9868-57a2d4851a1d" />
    <TestEntry testId="91370910-7b93-11ae-cf00-2de71bf169a8" executionId="8280d006-8f57-48d5-b5e0-9de76e8fe51d" testListId="8c84fa94-04c1-424b-9868-57a2d4851a1d" />
    <TestEntry testId="a0e243aa-6d6f-0caa-119c-cc5cf78a3b81" executionId="5ae097e5-e17f-48e8-a487-ed517be745f7" testListId="8c84fa94-04c1-424b-9868-57a2d4851a1d" />
    <TestEntry testId="bb2906cf-c1cb-d472-a450-236ab18fe0d2" executionId="8ddb08dc-d5aa-434a-bc9e-bcaef7aba5a9" testListId="8c84fa94-04c1-424b-9868-57a2d4851a1d" />
    <TestEntry testId="bbe8b09c-135d-d595-ee98-0f76cfe71c8b" executionId="48ebecfd-b6b2-45e6-af32-e94434a0b25f" testListId="8c84fa94-04c1-424b-9868-57a2d4851a1d" />
    <TestEntry testId="c1863ef5-7966-c091-6434-a5be8c7371cc" executionId="69d745c2-c624-4dea-bcbe-9a11322a1265" testListId="8c84fa94-04c1-424b-9868-57a2d4851a1d" />
    <TestEntry testId="c4c0d519-5736-4288-25ad-cc60957d2be9" executionId="1c0f2886-fb45-4699-89da-61d9f9db1f28" testListId="8c84fa94-04c1-424b-9868-57a2d4851a1d" />
    <TestEntry testId="c958cc52-009c-8b64-166e-da652b2033e8" executionId="0b14e126-017b-4ce2-b734-145d8111a5cf" testListId="8c84fa94-04c1-424b-9868-57a2d4851a1d" />
    <TestEntry testId="dd22bf8f-6c73-d575-32f8-6d9ecb277f31" executionId="9af61464-4c2c-49e1-b096-81728b3cfae7" testListId="8c84fa94-04c1-424b-9868-57a2d4851a1d" />
    <TestEntry testId="df5f5c38-cfd2-6516-3825-f9e1076b99ba" executionId="d124e309-c92e-4e6b-ab6d-aea01bb8f0ca" testListId="8c84fa94-04c1-424b-9868-57a2d4851a1d" />
    <TestEntry testId="e8258cd7-530e-8306-5955-7a3457761eb3" executionId="3e2229cf-3daa-46b1-82ec-8276b500a7e4" testListId="8c84fa94-04c1-424b-9868-57a2d4851a1d" />
    <TestEntry testId="f8a6fddc-bbdc-a807-1c05-aef0110fa10e" executionId="f4f08222-2e66-4134-837d-b9d56f6b8086" testListId="8c84fa94-04c1-424b-9868-57a2d4851a1d" />
  </TestEntries>
  <Results>
    <UnitTestResult executionId="3df26826-dc90-4102-b10b-c233e722ce84" testId="01dbbfbe-7c0f-f7a5-974d-f83eb21e709f" testName="Ball2ConstructorTestDefault" computerName="EWA-DELLV131" duration="00:00:00.0424633" startTime="2014-07-11T19:36:59.8607142+02:00" endTime="2014-07-11T19:37:00.1197290+02:00" testType="13cdc9d9-ddb5-4fa4-a97d-d965ccfc6d4b" outcome="Passed" testListId="8c84fa94-04c1-424b-9868-57a2d4851a1d" relativeResultsDirectory="3df26826-dc90-4102-b10b-c233e722ce84">
    </UnitTestResult>
    <UnitTestResult executionId="a578fcd7-4049-4fe9-b2fa-8f384a36c2aa" testId="027a4800-8390-355f-bb69-f94026fedaec" testName="CalcPostImpactVBallBallTest" computerName="EWA-DELLV131" duration="00:00:00.0030853" startTime="2014-07-11T19:37:00.1227291+02:00" endTime="2014-07-11T19:37:00.1287295+02:00" testType="13cdc9d9-ddb5-4fa4-a97d-d965ccfc6d4b" outcome="Passed" testListId="8c84fa94-04c1-424b-9868-57a2d4851a1d" relativeResultsDirectory="a578fcd7-4049-4fe9-b2fa-8f384a36c2aa">
    </UnitTestResult>
    <UnitTestResult executionId="f1205085-2215-4b79-8247-d7b08cb72e41" testId="032206b2-427b-faa8-3e97-a121db3e0a31" testName="InstancesTestBallWallBall" computerName="EWA-DELLV131" duration="00:00:00.0012692" startTime="2014-07-11T19:37:00.1297295+02:00" endTime="2014-07-11T19:37:00.1337298+02:00" testType="13cdc9d9-ddb5-4fa4-a97d-d965ccfc6d4b" outcome="Passed" testListId="8c84fa94-04c1-424b-9868-57a2d4851a1d" relativeResultsDirectory="f1205085-2215-4b79-8247-d7b08cb72e41">
    </UnitTestResult>
    <UnitTestResult executionId="03e430f1-ccde-464a-aec2-c877d1404acd" testId="04aec189-043e-ca62-f16f-2761a476fe4e" testName="CalcSmallerPositiveXTest" computerName="EWA-DELLV131" duration="00:00:00.0013448" startTime="2014-07-11T19:37:00.1347298+02:00" endTime="2014-07-11T19:37:00.1387301+02:00" testType="13cdc9d9-ddb5-4fa4-a97d-d965ccfc6d4b" outcome="Passed" testListId="8c84fa94-04c1-424b-9868-57a2d4851a1d" relativeResultsDirectory="03e430f1-ccde-464a-aec2-c877d1404acd">
    </UnitTestResult>
    <UnitTestResult executionId="810f912b-ec1d-431b-9fd8-187c69daf81b" testId="30e7782c-8729-7239-4543-6500720aba5e" testName="VTest" computerName="EWA-DELLV131" duration="00:00:00.0011524" startTime="2014-07-11T19:37:00.1407302+02:00" endTime="2014-07-11T19:37:00.1437303+02:00" testType="13cdc9d9-ddb5-4fa4-a97d-d965ccfc6d4b" outcome="Passed" testListId="8c84fa94-04c1-424b-9868-57a2d4851a1d" relativeResultsDirectory="810f912b-ec1d-431b-9fd8-187c69daf81b">
    </UnitTestResult>
    <UnitTestResult executionId="792d92d9-0cc3-4ecb-b60c-85a6feebb917" testId="34353e91-ace8-7a0f-99a2-039d8f4a7db2" testName="CalcPostImpactVBallWallTestBottom" computerName="EWA-DELLV131" duration="00:00:00.0009972" startTime="2014-07-11T19:37:00.1467305+02:00" endTime="2014-07-11T19:37:00.1497307+02:00" testType="13cdc9d9-ddb5-4fa4-a97d-d965ccfc6d4b" outcome="Passed" testListId="8c84fa94-04c1-424b-9868-57a2d4851a1d" relativeResultsDirectory="792d92d9-0cc3-4ecb-b60c-85a6feebb917">
    </UnitTestResult>
    <UnitTestResult executionId="5a8968a3-3111-42e7-bece-dc7fc820f155" testId="37b52716-da34-c15f-e28a-1291c389449e" testName="GetNextBallWallCollisionTestTwoTheSameParrarelBalls" computerName="EWA-DELLV131" duration="00:00:00.0029138" startTime="2014-07-11T19:37:00.1507307+02:00" endTime="2014-07-11T19:37:00.1557310+02:00" testType="13cdc9d9-ddb5-4fa4-a97d-d965ccfc6d4b" outcome="Passed" testListId="8c84fa94-04c1-424b-9868-57a2d4851a1d" relativeResultsDirectory="5a8968a3-3111-42e7-bece-dc7fc820f155">
    </UnitTestResult>
    <UnitTestResult executionId="a21860c5-8647-44ec-85bb-b9492b5e5a32" testId="3e0141b4-db2c-c6c9-7b7a-c4dad6bc2bc3" testName="GetNextBallBallCollisionTestOneCollSameDir" computerName="EWA-DELLV131" duration="00:00:00.0017100" startTime="2014-07-11T19:37:00.1577311+02:00" endTime="2014-07-11T19:37:00.1617314+02:00" testType="13cdc9d9-ddb5-4fa4-a97d-d965ccfc6d4b" outcome="Passed" testListId="8c84fa94-04c1-424b-9868-57a2d4851a1d" relativeResultsDirectory="a21860c5-8647-44ec-85bb-b9492b5e5a32">
    </UnitTestResult>
    <UnitTestResult executionId="72e5163c-23b5-40c4-8438-de2f1a8be1aa" testId="40aa7ec1-7f7a-70fb-9478-63e77f316a25" testName="CalcPostImpactVBallWallTestLeftWallFirstObjBall" computerName="EWA-DELLV131" duration="00:00:00.0003707" startTime="2014-07-11T19:37:00.1627314+02:00" endTime="2014-07-11T19:37:00.1657316+02:00" testType="13cdc9d9-ddb5-4fa4-a97d-d965ccfc6d4b" outcome="Passed" testListId="8c84fa94-04c1-424b-9868-57a2d4851a1d" relativeResultsDirectory="72e5163c-23b5-40c4-8438-de2f1a8be1aa">
    </UnitTestResult>
    <UnitTestResult executionId="d427bdbd-b095-4c31-ba01-be1f1f410f6e" testId="4634d7bf-d54b-df2a-1a73-f348a6c652ae" testName="CalcTangentTest" computerName="EWA-DELLV131" duration="00:00:00.0006551" startTime="2014-07-11T19:37:00.1667317+02:00" endTime="2014-07-11T19:37:00.1697318+02:00" testType="13cdc9d9-ddb5-4fa4-a97d-d965ccfc6d4b" outcome="Passed" testListId="8c84fa94-04c1-424b-9868-57a2d4851a1d" relativeResultsDirectory="d427bdbd-b095-4c31-ba01-be1f1f410f6e">
    </UnitTestResult>
    <UnitTestResult executionId="15ce9c2f-9dd9-42e0-ae5b-e9114ca07f82" testId="5706bc5c-9e11-4309-7da3-559b179a1156" testName="GetNextBallBallCollisionTestOneColl" computerName="EWA-DELLV131" duration="00:00:00.0229098" startTime="2014-07-11T19:37:00.1707319+02:00" endTime="2014-07-11T19:37:00.1967334+02:00" testType="13cdc9d9-ddb5-4fa4-a97d-d965ccfc6d4b" outcome="Failed" testListId="8c84fa94-04c1-424b-9868-57a2d4851a1d" relativeResultsDirectory="15ce9c2f-9dd9-42e0-ae5b-e9114ca07f82">
      <Output>
        <ErrorInfo>
          <Message>Assert.AreEqual failed. Expected:&lt;V: (-5, 10), coord: (5, 0), mass: 0,01, radius: 0,01&gt;. Actual:&lt;V: (-5, 0), coord: (5, 0), mass: 0,01, radius: 0,01&gt;. </Message>
          <StackTrace>   at CollisionLibraryTestProject.CollisionTest.GetNextBallBallCollisionTestOneColl() in C:\GitHub\elastic_collision\elastic-collision\elastic-collision\collision\CollisionLibraryTestProject\CollisionTest.cs:line 136
</StackTrace>
        </ErrorInfo>
      </Output>
    </UnitTestResult>
    <UnitTestResult executionId="e5a3f30a-025b-46c3-b536-f10a6774e46a" testId="58ee5bcc-8c6f-c602-a62f-ce50ed8cb54d" testName="Ball2ConstructorTestStationaryWithCoord" computerName="EWA-DELLV131" duration="00:00:00.0002168" startTime="2014-07-11T19:37:00.1977334+02:00" endTime="2014-07-11T19:37:00.2037338+02:00" testType="13cdc9d9-ddb5-4fa4-a97d-d965ccfc6d4b" outcome="Passed" testListId="8c84fa94-04c1-424b-9868-57a2d4851a1d" relativeResultsDirectory="e5a3f30a-025b-46c3-b536-f10a6774e46a">
    </UnitTestResult>
    <UnitTestResult executionId="a43e7202-56ce-41dc-867b-54ed56c22402" testId="668cf586-4fac-4e50-8a1d-2acfc3cbf178" testName="CalcPostImpactVBallWallTestTop" computerName="EWA-DELLV131" duration="00:00:00.0005512" startTime="2014-07-11T19:37:00.2057339+02:00" endTime="2014-07-11T19:37:00.2107342+02:00" testType="13cdc9d9-ddb5-4fa4-a97d-d965ccfc6d4b" outcome="Passed" testListId="8c84fa94-04c1-424b-9868-57a2d4851a1d" relativeResultsDirectory="a43e7202-56ce-41dc-867b-54ed56c22402">
    </UnitTestResult>
    <UnitTestResult executionId="ae2ad241-7278-4ba6-9ad6-f5eac512ec7f" testId="73f76c6c-5436-6e0a-c0de-a320db1d0190" testName="CalcPostImpactVBallWallTestRight" computerName="EWA-DELLV131" duration="00:00:00.0004062" startTime="2014-07-11T19:37:00.2127343+02:00" endTime="2014-07-11T19:37:00.2167345+02:00" testType="13cdc9d9-ddb5-4fa4-a97d-d965ccfc6d4b" outcome="Passed" testListId="8c84fa94-04c1-424b-9868-57a2d4851a1d" relativeResultsDirectory="ae2ad241-7278-4ba6-9ad6-f5eac512ec7f">
    </UnitTestResult>
    <UnitTestResult executionId="6aff7a1b-204e-48a5-a3c2-188935517a47" testId="784e8f61-09fe-d925-2bfc-30883fabec82" testName="CalcPostImpactVBallWallTestLeftWallSecondObjBall" computerName="EWA-DELLV131" duration="00:00:00.0003831" startTime="2014-07-11T19:37:00.2177346+02:00" endTime="2014-07-11T19:37:00.2207348+02:00" testType="13cdc9d9-ddb5-4fa4-a97d-d965ccfc6d4b" outcome="Passed" testListId="8c84fa94-04c1-424b-9868-57a2d4851a1d" relativeResultsDirectory="6aff7a1b-204e-48a5-a3c2-188935517a47">
    </UnitTestResult>
    <UnitTestResult executionId="ed5ede7b-4123-4d7d-bb92-672dcaa96dc3" testId="7d761d72-251c-20d5-aab6-9dcc35eeaf1c" testName="InstancesTestBallAndWall" computerName="EWA-DELLV131" duration="00:00:00.0002176" startTime="2014-07-11T19:37:00.2217348+02:00" endTime="2014-07-11T19:37:00.2247350+02:00" testType="13cdc9d9-ddb5-4fa4-a97d-d965ccfc6d4b" outcome="Passed" testListId="8c84fa94-04c1-424b-9868-57a2d4851a1d" relativeResultsDirectory="ed5ede7b-4123-4d7d-bb92-672dcaa96dc3">
    </UnitTestResult>
    <UnitTestResult executionId="8de85a81-c80f-4be9-832c-93855923f37e" testId="7ed5f16e-f344-44ac-916b-65054d8bd01b" testName="GetNextBallBallCollisionTestTwoColl" computerName="EWA-DELLV131" duration="00:00:00.0023040" startTime="2014-07-11T19:37:00.2267351+02:00" endTime="2014-07-11T19:37:00.2317354+02:00" testType="13cdc9d9-ddb5-4fa4-a97d-d965ccfc6d4b" outcome="Failed" testListId="8c84fa94-04c1-424b-9868-57a2d4851a1d" relativeResultsDirectory="8de85a81-c80f-4be9-832c-93855923f37e">
      <Output>
        <ErrorInfo>
          <Message>Assert.AreEqual failed. Expected:&lt;V: (-5, 10), coord: (5, 0), mass: 0,01, radius: 0,01&gt;. Actual:&lt;V: (-5, 0), coord: (5, 0), mass: 0,01, radius: 0,01&gt;. </Message>
          <StackTrace>   at CollisionLibraryTestProject.CollisionTest.GetNextBallBallCollisionTestTwoColl() in C:\GitHub\elastic_collision\elastic-collision\elastic-collision\collision\CollisionLibraryTestProject\CollisionTest.cs:line 155
</StackTrace>
        </ErrorInfo>
      </Output>
    </UnitTestResult>
    <UnitTestResult executionId="dc83eeb8-060c-4e75-a91b-ec67831ef5f8" testId="83e512b6-d982-3129-eb57-35fb4084a312" testName="GetNextBallWallCollisionTestTwoDiffParrarelBalls" computerName="EWA-DELLV131" duration="00:00:00.0004502" startTime="2014-07-11T19:37:00.2327354+02:00" endTime="2014-07-11T19:37:00.2357356+02:00" testType="13cdc9d9-ddb5-4fa4-a97d-d965ccfc6d4b" outcome="Passed" testListId="8c84fa94-04c1-424b-9868-57a2d4851a1d" relativeResultsDirectory="dc83eeb8-060c-4e75-a91b-ec67831ef5f8">
    </UnitTestResult>
    <UnitTestResult executionId="8280d006-8f57-48d5-b5e0-9de76e8fe51d" testId="91370910-7b93-11ae-cf00-2de71bf169a8" testName="CalcNormalTest" computerName="EWA-DELLV131" duration="00:00:00.0003117" startTime="2014-07-11T19:37:00.2377357+02:00" endTime="2014-07-11T19:37:00.2397358+02:00" testType="13cdc9d9-ddb5-4fa4-a97d-d965ccfc6d4b" outcome="Passed" testListId="8c84fa94-04c1-424b-9868-57a2d4851a1d" relativeResultsDirectory="8280d006-8f57-48d5-b5e0-9de76e8fe51d">
    </UnitTestResult>
    <UnitTestResult executionId="5ae097e5-e17f-48e8-a487-ed517be745f7" testId="a0e243aa-6d6f-0caa-119c-cc5cf78a3b81" testName="InstancesTestTwoBalls" computerName="EWA-DELLV131" duration="00:00:00.0002133" startTime="2014-07-11T19:37:00.2417360+02:00" endTime="2014-07-11T19:37:00.2437361+02:00" testType="13cdc9d9-ddb5-4fa4-a97d-d965ccfc6d4b" outcome="Passed" testListId="8c84fa94-04c1-424b-9868-57a2d4851a1d" relativeResultsDirectory="5ae097e5-e17f-48e8-a487-ed517be745f7">
    </UnitTestResult>
    <UnitTestResult executionId="8ddb08dc-d5aa-434a-bc9e-bcaef7aba5a9" testId="bb2906cf-c1cb-d472-a450-236ab18fe0d2" testName="CalcDeltaTest" computerName="EWA-DELLV131" duration="00:00:00.0035715" startTime="2014-07-11T19:37:00.2457362+02:00" endTime="2014-07-11T19:37:00.2517365+02:00" testType="13cdc9d9-ddb5-4fa4-a97d-d965ccfc6d4b" outcome="Passed" testListId="8c84fa94-04c1-424b-9868-57a2d4851a1d" relativeResultsDirectory="8ddb08dc-d5aa-434a-bc9e-bcaef7aba5a9">
    </UnitTestResult>
    <UnitTestResult executionId="48ebecfd-b6b2-45e6-af32-e94434a0b25f" testId="bbe8b09c-135d-d595-ee98-0f76cfe71c8b" testName="RTest" computerName="EWA-DELLV131" duration="00:00:00.0002488" startTime="2014-07-11T19:37:00.2527366+02:00" endTime="2014-07-11T19:37:00.2557368+02:00" testType="13cdc9d9-ddb5-4fa4-a97d-d965ccfc6d4b" outcome="Passed" testListId="8c84fa94-04c1-424b-9868-57a2d4851a1d" relativeResultsDirectory="48ebecfd-b6b2-45e6-af32-e94434a0b25f">
    </UnitTestResult>
    <UnitTestResult executionId="69d745c2-c624-4dea-bcbe-9a11322a1265" testId="c1863ef5-7966-c091-6434-a5be8c7371cc" testName="CoordinatesTest" computerName="EWA-DELLV131" duration="00:00:00.0003425" startTime="2014-07-11T19:37:00.2567368+02:00" endTime="2014-07-11T19:37:00.2587369+02:00" testType="13cdc9d9-ddb5-4fa4-a97d-d965ccfc6d4b" outcome="Passed" testListId="8c84fa94-04c1-424b-9868-57a2d4851a1d" relativeResultsDirectory="69d745c2-c624-4dea-bcbe-9a11322a1265">
    </UnitTestResult>
    <UnitTestResult executionId="1c0f2886-fb45-4699-89da-61d9f9db1f28" testId="c4c0d519-5736-4288-25ad-cc60957d2be9" testName="MTest" computerName="EWA-DELLV131" duration="00:00:00.0002856" startTime="2014-07-11T19:37:00.2607370+02:00" endTime="2014-07-11T19:37:00.2637372+02:00" testType="13cdc9d9-ddb5-4fa4-a97d-d965ccfc6d4b" outcome="Passed" testListId="8c84fa94-04c1-424b-9868-57a2d4851a1d" relativeResultsDirectory="1c0f2886-fb45-4699-89da-61d9f9db1f28">
    </UnitTestResult>
    <UnitTestResult executionId="0b14e126-017b-4ce2-b734-145d8111a5cf" testId="c958cc52-009c-8b64-166e-da652b2033e8" testName="CalcTangentTestWithGivenNormal" computerName="EWA-DELLV131" duration="00:00:00.0002236" startTime="2014-07-11T19:37:00.2647373+02:00" endTime="2014-07-11T19:37:00.2677374+02:00" testType="13cdc9d9-ddb5-4fa4-a97d-d965ccfc6d4b" outcome="Passed" testListId="8c84fa94-04c1-424b-9868-57a2d4851a1d" relativeResultsDirectory="0b14e126-017b-4ce2-b734-145d8111a5cf">
    </UnitTestResult>
    <UnitTestResult executionId="9af61464-4c2c-49e1-b096-81728b3cfae7" testId="dd22bf8f-6c73-d575-32f8-6d9ecb277f31" testName="Ball2ConstructorTest2" computerName="EWA-DELLV131" duration="00:00:00.0002813" startTime="2014-07-11T19:37:00.2687375+02:00" endTime="2014-07-11T19:37:00.2707376+02:00" testType="13cdc9d9-ddb5-4fa4-a97d-d965ccfc6d4b" outcome="Passed" testListId="8c84fa94-04c1-424b-9868-57a2d4851a1d" relativeResultsDirectory="9af61464-4c2c-49e1-b096-81728b3cfae7">
    </UnitTestResult>
    <UnitTestResult executionId="d124e309-c92e-4e6b-ab6d-aea01bb8f0ca" testId="df5f5c38-cfd2-6516-3825-f9e1076b99ba" testName="MoveBallsToTimeTestCheckIfNextCollisionsIsUpdated" computerName="EWA-DELLV131" duration="00:00:00.0016019" startTime="2014-07-11T19:37:00.2717377+02:00" endTime="2014-07-11T19:37:00.2767380+02:00" testType="13cdc9d9-ddb5-4fa4-a97d-d965ccfc6d4b" outcome="Passed" testListId="8c84fa94-04c1-424b-9868-57a2d4851a1d" relativeResultsDirectory="d124e309-c92e-4e6b-ab6d-aea01bb8f0ca">
    </UnitTestResult>
    <UnitTestResult executionId="3e2229cf-3daa-46b1-82ec-8276b500a7e4" testId="e8258cd7-530e-8306-5955-7a3457761eb3" testName="ProjectionTest" computerName="EWA-DELLV131" duration="00:00:00.0002608" startTime="2014-07-11T19:37:00.2777380+02:00" endTime="2014-07-11T19:37:00.2807382+02:00" testType="13cdc9d9-ddb5-4fa4-a97d-d965ccfc6d4b" outcome="Passed" testListId="8c84fa94-04c1-424b-9868-57a2d4851a1d" relativeResultsDirectory="3e2229cf-3daa-46b1-82ec-8276b500a7e4">
    </UnitTestResult>
    <UnitTestResult executionId="f4f08222-2e66-4134-837d-b9d56f6b8086" testId="f8a6fddc-bbdc-a807-1c05-aef0110fa10e" testName="GetBallWallCollisionTimeTestRightWall" computerName="EWA-DELLV131" duration="00:00:00.0003173" startTime="2014-07-11T19:37:00.2817382+02:00" endTime="2014-07-11T19:37:00.2837384+02:00" testType="13cdc9d9-ddb5-4fa4-a97d-d965ccfc6d4b" outcome="Passed" testListId="8c84fa94-04c1-424b-9868-57a2d4851a1d" relativeResultsDirectory="f4f08222-2e66-4134-837d-b9d56f6b8086">
    </UnitTestResult>
  </Results>
</TestRun>