<?xml version="1.0" encoding="UTF-8"?>
<TestRun id="8f4f45d5-7cf5-45db-b429-b2f8a1f59d1f" name="Ewa@EWA-DELLV131 2014-07-06 17:47:35" runUser="Ewa-DellV131\Ewa" xmlns="http://microsoft.com/schemas/VisualStudio/TeamTest/2010">
  <TestSettings name="Local" id="c4f4939b-3f88-4cfc-b325-a068545cd073">
    <Description>These are default test settings for a local test run.</Description>
    <Deployment enabled="false" runDeploymentRoot="Ewa_EWA-DELLV131 2014-07-06 17_47_35">
      <DeploymentItem filename="C:\GitHub\elastic_collision\elastic-collision\collision\CollisionLibrary\bin\x86\Debug\CollisionLibrary.dll" />
    </Deployment>
    <Execution>
      <TestTypeSpecific />
      <AgentRule name="Execution Agents">
      </AgentRule>
    </Execution>
  </TestSettings>
  <Times creation="2014-07-06T17:47:35.8422763+02:00" queuing="2014-07-06T17:47:37.0843474+02:00" start="2014-07-06T17:47:37.0923478+02:00" finish="2014-07-06T17:47:37.4423678+02:00" />
  <ResultSummary outcome="Completed">
    <Counters total="28" executed="28" passed="28" error="0" failed="0" timeout="0" aborted="0" inconclusive="0" passedButRunAborted="0" notRunnable="0" notExecuted="0" disconnected="0" warning="0" completed="0" inProgress="0" pending="0" />
  </ResultSummary>
  <TestDefinitions>
    <UnitTest name="GetNextBallBallCollisionTestTwoColl" storage="c:\github\elastic_collision\elastic-collision\collision\collisionlibrarytestproject\bin\debug\collisionlibrarytestproject.dll" id="7ed5f16e-f344-44ac-916b-65054d8bd01b">
      <Execution id="f21cfcdf-d6b0-4085-b140-3adab16f53c7" />
      <TestMethod codeBase="C:/GitHub/elastic_collision/elastic-collision/collision/CollisionLibraryTestProject/bin/Debug/CollisionLibraryTestProject.DLL" adapterTypeName="Microsoft.VisualStudio.TestTools.TestTypes.Unit.UnitTestAdapter, Microsoft.VisualStudio.QualityTools.Tips.UnitTest.Adapter, Version=10.0.0.0, Culture=neutral, PublicKeyToken=b03f5f7f11d50a3a" className="CollisionLibraryTestProject.CollisionTest, CollisionLibraryTestProject, Version=1.0.0.0, Culture=neutral, PublicKeyToken=null" name="GetNextBallBallCollisionTestTwoColl" />
    </UnitTest>
    <UnitTest name="CalcTangentTest" storage="c:\github\elastic_collision\elastic-collision\collision\collisionlibrarytestproject\bin\debug\collisionlibrarytestproject.dll" id="4634d7bf-d54b-df2a-1a73-f348a6c652ae">
      <Execution id="79f4c29d-dfd7-40e4-bd98-7ef4b6d82a9c" />
      <TestMethod codeBase="C:/GitHub/elastic_collision/elastic-collision/collision/CollisionLibraryTestProject/bin/Debug/CollisionLibraryTestProject.DLL" adapterTypeName="Microsoft.VisualStudio.TestTools.TestTypes.Unit.UnitTestAdapter, Microsoft.VisualStudio.QualityTools.Tips.UnitTest.Adapter, Version=10.0.0.0, Culture=neutral, PublicKeyToken=b03f5f7f11d50a3a" className="CollisionLibraryTestProject.TransformationTest, CollisionLibraryTestProject, Version=1.0.0.0, Culture=neutral, PublicKeyToken=null" name="CalcTangentTest" />
    </UnitTest>
    <UnitTest name="RTest" storage="c:\github\elastic_collision\elastic-collision\collision\collisionlibrarytestproject\bin\debug\collisionlibrarytestproject.dll" id="bbe8b09c-135d-d595-ee98-0f76cfe71c8b">
      <Execution id="88171b20-cb69-42f5-b4a6-75907ff49c1f" />
      <TestMethod codeBase="C:/GitHub/elastic_collision/elastic-collision/collision/CollisionLibraryTestProject/bin/Debug/CollisionLibraryTestProject.DLL" adapterTypeName="Microsoft.VisualStudio.TestTools.TestTypes.Unit.UnitTestAdapter, Microsoft.VisualStudio.QualityTools.Tips.UnitTest.Adapter, Version=10.0.0.0, Culture=neutral, PublicKeyToken=b03f5f7f11d50a3a" className="CollisionLibraryTestProject.Ball2Test, CollisionLibraryTestProject, Version=1.0.0.0, Culture=neutral, PublicKeyToken=null" name="RTest" />
    </UnitTest>
    <UnitTest name="CalcPostImpactVBallWallTestLeftWallSecondObjBall" storage="c:\github\elastic_collision\elastic-collision\collision\collisionlibrarytestproject\bin\debug\collisionlibrarytestproject.dll" id="784e8f61-09fe-d925-2bfc-30883fabec82">
      <Execution id="86846fa1-b839-462a-8798-549978bccbb9" />
      <TestMethod codeBase="C:/GitHub/elastic_collision/elastic-collision/collision/CollisionLibraryTestProject/bin/Debug/CollisionLibraryTestProject.DLL" adapterTypeName="Microsoft.VisualStudio.TestTools.TestTypes.Unit.UnitTestAdapter, Microsoft.VisualStudio.QualityTools.Tips.UnitTest.Adapter, Version=10.0.0.0, Culture=neutral, PublicKeyToken=b03f5f7f11d50a3a" className="CollisionLibraryTestProject.CollisionTest, CollisionLibraryTestProject, Version=1.0.0.0, Culture=neutral, PublicKeyToken=null" name="CalcPostImpactVBallWallTestLeftWallSecondObjBall" />
    </UnitTest>
    <UnitTest name="InstancesTestBallAndWall" storage="c:\github\elastic_collision\elastic-collision\collision\collisionlibrarytestproject\bin\debug\collisionlibrarytestproject.dll" id="7d761d72-251c-20d5-aab6-9dcc35eeaf1c">
      <Execution id="c28f4c50-c720-49a9-a504-79bf992d8683" />
      <TestMethod codeBase="C:/GitHub/elastic_collision/elastic-collision/collision/CollisionLibraryTestProject/bin/Debug/CollisionLibraryTestProject.DLL" adapterTypeName="Microsoft.VisualStudio.TestTools.TestTypes.Unit.UnitTestAdapter, Microsoft.VisualStudio.QualityTools.Tips.UnitTest.Adapter, Version=10.0.0.0, Culture=neutral, PublicKeyToken=b03f5f7f11d50a3a" className="CollisionLibraryTestProject.Ball2Test, CollisionLibraryTestProject, Version=1.0.0.0, Culture=neutral, PublicKeyToken=null" name="InstancesTestBallAndWall" />
    </UnitTest>
    <UnitTest name="CalcPostImpactVBallWallTestBottom" storage="c:\github\elastic_collision\elastic-collision\collision\collisionlibrarytestproject\bin\debug\collisionlibrarytestproject.dll" id="34353e91-ace8-7a0f-99a2-039d8f4a7db2">
      <Execution id="a990d6f7-2fc4-458b-9321-e8b78324bd55" />
      <TestMethod codeBase="C:/GitHub/elastic_collision/elastic-collision/collision/CollisionLibraryTestProject/bin/Debug/CollisionLibraryTestProject.DLL" adapterTypeName="Microsoft.VisualStudio.TestTools.TestTypes.Unit.UnitTestAdapter, Microsoft.VisualStudio.QualityTools.Tips.UnitTest.Adapter, Version=10.0.0.0, Culture=neutral, PublicKeyToken=b03f5f7f11d50a3a" className="CollisionLibraryTestProject.CollisionTest, CollisionLibraryTestProject, Version=1.0.0.0, Culture=neutral, PublicKeyToken=null" name="CalcPostImpactVBallWallTestBottom" />
    </UnitTest>
    <UnitTest name="CalcPostImpactVBallWallTestRight" storage="c:\github\elastic_collision\elastic-collision\collision\collisionlibrarytestproject\bin\debug\collisionlibrarytestproject.dll" id="73f76c6c-5436-6e0a-c0de-a320db1d0190">
      <Execution id="6db3882f-fc23-4db2-be8d-2c689f6d13ad" />
      <TestMethod codeBase="C:/GitHub/elastic_collision/elastic-collision/collision/CollisionLibraryTestProject/bin/Debug/CollisionLibraryTestProject.DLL" adapterTypeName="Microsoft.VisualStudio.TestTools.TestTypes.Unit.UnitTestAdapter, Microsoft.VisualStudio.QualityTools.Tips.UnitTest.Adapter, Version=10.0.0.0, Culture=neutral, PublicKeyToken=b03f5f7f11d50a3a" className="CollisionLibraryTestProject.CollisionTest, CollisionLibraryTestProject, Version=1.0.0.0, Culture=neutral, PublicKeyToken=null" name="CalcPostImpactVBallWallTestRight" />
    </UnitTest>
    <UnitTest name="InstancesTestBallWallBall" storage="c:\github\elastic_collision\elastic-collision\collision\collisionlibrarytestproject\bin\debug\collisionlibrarytestproject.dll" id="032206b2-427b-faa8-3e97-a121db3e0a31">
      <Execution id="88ffdfc5-f834-4ed4-96b3-522d76086f6f" />
      <TestMethod codeBase="C:/GitHub/elastic_collision/elastic-collision/collision/CollisionLibraryTestProject/bin/Debug/CollisionLibraryTestProject.DLL" adapterTypeName="Microsoft.VisualStudio.TestTools.TestTypes.Unit.UnitTestAdapter, Microsoft.VisualStudio.QualityTools.Tips.UnitTest.Adapter, Version=10.0.0.0, Culture=neutral, PublicKeyToken=b03f5f7f11d50a3a" className="CollisionLibraryTestProject.Ball2Test, CollisionLibraryTestProject, Version=1.0.0.0, Culture=neutral, PublicKeyToken=null" name="InstancesTestBallWallBall" />
    </UnitTest>
    <UnitTest name="ProjectionTest" storage="c:\github\elastic_collision\elastic-collision\collision\collisionlibrarytestproject\bin\debug\collisionlibrarytestproject.dll" id="e8258cd7-530e-8306-5955-7a3457761eb3">
      <Execution id="e10ce934-abfc-45be-9d10-99dcfdb3430d" />
      <TestMethod codeBase="C:/GitHub/elastic_collision/elastic-collision/collision/CollisionLibraryTestProject/bin/Debug/CollisionLibraryTestProject.DLL" adapterTypeName="Microsoft.VisualStudio.TestTools.TestTypes.Unit.UnitTestAdapter, Microsoft.VisualStudio.QualityTools.Tips.UnitTest.Adapter, Version=10.0.0.0, Culture=neutral, PublicKeyToken=b03f5f7f11d50a3a" className="CollisionLibraryTestProject.TransformationTest, CollisionLibraryTestProject, Version=1.0.0.0, Culture=neutral, PublicKeyToken=null" name="ProjectionTest" />
    </UnitTest>
    <UnitTest name="Ball2ConstructorTestStationaryWithCoord" storage="c:\github\elastic_collision\elastic-collision\collision\collisionlibrarytestproject\bin\debug\collisionlibrarytestproject.dll" id="58ee5bcc-8c6f-c602-a62f-ce50ed8cb54d">
      <Execution id="91c44a1a-ce04-45a3-8a3d-296d01c77754" />
      <TestMethod codeBase="C:/GitHub/elastic_collision/elastic-collision/collision/CollisionLibraryTestProject/bin/Debug/CollisionLibraryTestProject.DLL" adapterTypeName="Microsoft.VisualStudio.TestTools.TestTypes.Unit.UnitTestAdapter, Microsoft.VisualStudio.QualityTools.Tips.UnitTest.Adapter, Version=10.0.0.0, Culture=neutral, PublicKeyToken=b03f5f7f11d50a3a" className="CollisionLibraryTestProject.Ball2Test, CollisionLibraryTestProject, Version=1.0.0.0, Culture=neutral, PublicKeyToken=null" name="Ball2ConstructorTestStationaryWithCoord" />
    </UnitTest>
    <UnitTest name="CalcDeltaTest" storage="c:\github\elastic_collision\elastic-collision\collision\collisionlibrarytestproject\bin\debug\collisionlibrarytestproject.dll" id="bb2906cf-c1cb-d472-a450-236ab18fe0d2">
      <DeploymentItems>
        <DeploymentItem filename="CollisionLibrary.dll" />
      </DeploymentItems>
      <Execution id="1770e4b2-0802-4ae4-ac0f-d414a3fa4a04" />
      <TestMethod codeBase="C:/GitHub/elastic_collision/elastic-collision/collision/CollisionLibraryTestProject/bin/Debug/CollisionLibraryTestProject.DLL" adapterTypeName="Microsoft.VisualStudio.TestTools.TestTypes.Unit.UnitTestAdapter, Microsoft.VisualStudio.QualityTools.Tips.UnitTest.Adapter, Version=10.0.0.0, Culture=neutral, PublicKeyToken=b03f5f7f11d50a3a" className="CollisionLibraryTestProject.QuadraticEquationTest, CollisionLibraryTestProject, Version=1.0.0.0, Culture=neutral, PublicKeyToken=null" name="CalcDeltaTest" />
    </UnitTest>
    <UnitTest name="CalcPostImpactVBallWallTestLeftWallFirstObjBall" storage="c:\github\elastic_collision\elastic-collision\collision\collisionlibrarytestproject\bin\debug\collisionlibrarytestproject.dll" id="40aa7ec1-7f7a-70fb-9478-63e77f316a25">
      <Execution id="24d0fd72-5732-400c-9edf-c49bd559fec6" />
      <TestMethod codeBase="C:/GitHub/elastic_collision/elastic-collision/collision/CollisionLibraryTestProject/bin/Debug/CollisionLibraryTestProject.DLL" adapterTypeName="Microsoft.VisualStudio.TestTools.TestTypes.Unit.UnitTestAdapter, Microsoft.VisualStudio.QualityTools.Tips.UnitTest.Adapter, Version=10.0.0.0, Culture=neutral, PublicKeyToken=b03f5f7f11d50a3a" className="CollisionLibraryTestProject.CollisionTest, CollisionLibraryTestProject, Version=1.0.0.0, Culture=neutral, PublicKeyToken=null" name="CalcPostImpactVBallWallTestLeftWallFirstObjBall" />
    </UnitTest>
    <UnitTest name="CalcPostImpactVBallWallTestTop" storage="c:\github\elastic_collision\elastic-collision\collision\collisionlibrarytestproject\bin\debug\collisionlibrarytestproject.dll" id="668cf586-4fac-4e50-8a1d-2acfc3cbf178">
      <Execution id="761dd530-7b87-4398-b3ab-153a2fc310e3" />
      <TestMethod codeBase="C:/GitHub/elastic_collision/elastic-collision/collision/CollisionLibraryTestProject/bin/Debug/CollisionLibraryTestProject.DLL" adapterTypeName="Microsoft.VisualStudio.TestTools.TestTypes.Unit.UnitTestAdapter, Microsoft.VisualStudio.QualityTools.Tips.UnitTest.Adapter, Version=10.0.0.0, Culture=neutral, PublicKeyToken=b03f5f7f11d50a3a" className="CollisionLibraryTestProject.CollisionTest, CollisionLibraryTestProject, Version=1.0.0.0, Culture=neutral, PublicKeyToken=null" name="CalcPostImpactVBallWallTestTop" />
    </UnitTest>
    <UnitTest name="Ball2ConstructorTest2" storage="c:\github\elastic_collision\elastic-collision\collision\collisionlibrarytestproject\bin\debug\collisionlibrarytestproject.dll" id="dd22bf8f-6c73-d575-32f8-6d9ecb277f31">
      <Execution id="2cdc37ae-addb-4df6-b98a-435eed68b3c1" />
      <TestMethod codeBase="C:/GitHub/elastic_collision/elastic-collision/collision/CollisionLibraryTestProject/bin/Debug/CollisionLibraryTestProject.DLL" adapterTypeName="Microsoft.VisualStudio.TestTools.TestTypes.Unit.UnitTestAdapter, Microsoft.VisualStudio.QualityTools.Tips.UnitTest.Adapter, Version=10.0.0.0, Culture=neutral, PublicKeyToken=b03f5f7f11d50a3a" className="CollisionLibraryTestProject.Ball2Test, CollisionLibraryTestProject, Version=1.0.0.0, Culture=neutral, PublicKeyToken=null" name="Ball2ConstructorTest2" />
    </UnitTest>
    <UnitTest name="InstancesTestTwoBalls" storage="c:\github\elastic_collision\elastic-collision\collision\collisionlibrarytestproject\bin\debug\collisionlibrarytestproject.dll" id="a0e243aa-6d6f-0caa-119c-cc5cf78a3b81">
      <Execution id="4b895582-0677-4ab4-b698-f0986e6620e9" />
      <TestMethod codeBase="C:/GitHub/elastic_collision/elastic-collision/collision/CollisionLibraryTestProject/bin/Debug/CollisionLibraryTestProject.DLL" adapterTypeName="Microsoft.VisualStudio.TestTools.TestTypes.Unit.UnitTestAdapter, Microsoft.VisualStudio.QualityTools.Tips.UnitTest.Adapter, Version=10.0.0.0, Culture=neutral, PublicKeyToken=b03f5f7f11d50a3a" className="CollisionLibraryTestProject.Ball2Test, CollisionLibraryTestProject, Version=1.0.0.0, Culture=neutral, PublicKeyToken=null" name="InstancesTestTwoBalls" />
    </UnitTest>
    <UnitTest name="CalcNormalTest" storage="c:\github\elastic_collision\elastic-collision\collision\collisionlibrarytestproject\bin\debug\collisionlibrarytestproject.dll" id="91370910-7b93-11ae-cf00-2de71bf169a8">
      <Execution id="c6bcf06a-2571-4084-a5d3-0e0fea4d7e4b" />
      <TestMethod codeBase="C:/GitHub/elastic_collision/elastic-collision/collision/CollisionLibraryTestProject/bin/Debug/CollisionLibraryTestProject.DLL" adapterTypeName="Microsoft.VisualStudio.TestTools.TestTypes.Unit.UnitTestAdapter, Microsoft.VisualStudio.QualityTools.Tips.UnitTest.Adapter, Version=10.0.0.0, Culture=neutral, PublicKeyToken=b03f5f7f11d50a3a" className="CollisionLibraryTestProject.TransformationTest, CollisionLibraryTestProject, Version=1.0.0.0, Culture=neutral, PublicKeyToken=null" name="CalcNormalTest" />
    </UnitTest>
    <UnitTest name="MTest" storage="c:\github\elastic_collision\elastic-collision\collision\collisionlibrarytestproject\bin\debug\collisionlibrarytestproject.dll" id="c4c0d519-5736-4288-25ad-cc60957d2be9">
      <Execution id="5a1b5692-c1f2-4587-8278-82621693757e" />
      <TestMethod codeBase="C:/GitHub/elastic_collision/elastic-collision/collision/CollisionLibraryTestProject/bin/Debug/CollisionLibraryTestProject.DLL" adapterTypeName="Microsoft.VisualStudio.TestTools.TestTypes.Unit.UnitTestAdapter, Microsoft.VisualStudio.QualityTools.Tips.UnitTest.Adapter, Version=10.0.0.0, Culture=neutral, PublicKeyToken=b03f5f7f11d50a3a" className="CollisionLibraryTestProject.Ball2Test, CollisionLibraryTestProject, Version=1.0.0.0, Culture=neutral, PublicKeyToken=null" name="MTest" />
    </UnitTest>
    <UnitTest name="VTest" storage="c:\github\elastic_collision\elastic-collision\collision\collisionlibrarytestproject\bin\debug\collisionlibrarytestproject.dll" id="30e7782c-8729-7239-4543-6500720aba5e">
      <Execution id="b7365d29-d695-4b1f-9c25-f1aface11fa6" />
      <TestMethod codeBase="C:/GitHub/elastic_collision/elastic-collision/collision/CollisionLibraryTestProject/bin/Debug/CollisionLibraryTestProject.DLL" adapterTypeName="Microsoft.VisualStudio.TestTools.TestTypes.Unit.UnitTestAdapter, Microsoft.VisualStudio.QualityTools.Tips.UnitTest.Adapter, Version=10.0.0.0, Culture=neutral, PublicKeyToken=b03f5f7f11d50a3a" className="CollisionLibraryTestProject.Ball2Test, CollisionLibraryTestProject, Version=1.0.0.0, Culture=neutral, PublicKeyToken=null" name="VTest" />
    </UnitTest>
    <UnitTest name="CoordinatesTest" storage="c:\github\elastic_collision\elastic-collision\collision\collisionlibrarytestproject\bin\debug\collisionlibrarytestproject.dll" id="c1863ef5-7966-c091-6434-a5be8c7371cc">
      <Execution id="33faffb8-5970-4332-bf8e-fef0a36ef749" />
      <TestMethod codeBase="C:/GitHub/elastic_collision/elastic-collision/collision/CollisionLibraryTestProject/bin/Debug/CollisionLibraryTestProject.DLL" adapterTypeName="Microsoft.VisualStudio.TestTools.TestTypes.Unit.UnitTestAdapter, Microsoft.VisualStudio.QualityTools.Tips.UnitTest.Adapter, Version=10.0.0.0, Culture=neutral, PublicKeyToken=b03f5f7f11d50a3a" className="CollisionLibraryTestProject.Ball2Test, CollisionLibraryTestProject, Version=1.0.0.0, Culture=neutral, PublicKeyToken=null" name="CoordinatesTest" />
    </UnitTest>
    <UnitTest name="GetBallWallCollisionTimeTestRightWall" storage="c:\github\elastic_collision\elastic-collision\collision\collisionlibrarytestproject\bin\debug\collisionlibrarytestproject.dll" id="f8a6fddc-bbdc-a807-1c05-aef0110fa10e">
      <DeploymentItems>
        <DeploymentItem filename="CollisionLibrary.dll" />
      </DeploymentItems>
      <Execution id="8554dc28-576c-479c-bf23-2f8b9cf26d9d" />
      <TestMethod codeBase="C:/GitHub/elastic_collision/elastic-collision/collision/CollisionLibraryTestProject/bin/Debug/CollisionLibraryTestProject.DLL" adapterTypeName="Microsoft.VisualStudio.TestTools.TestTypes.Unit.UnitTestAdapter, Microsoft.VisualStudio.QualityTools.Tips.UnitTest.Adapter, Version=10.0.0.0, Culture=neutral, PublicKeyToken=b03f5f7f11d50a3a" className="CollisionLibraryTestProject.CollisionTest, CollisionLibraryTestProject, Version=1.0.0.0, Culture=neutral, PublicKeyToken=null" name="GetBallWallCollisionTimeTestRightWall" />
    </UnitTest>
    <UnitTest name="GetNextBallWallCollisionTestTwoDiffParrarelBalls" storage="c:\github\elastic_collision\elastic-collision\collision\collisionlibrarytestproject\bin\debug\collisionlibrarytestproject.dll" id="83e512b6-d982-3129-eb57-35fb4084a312">
      <DeploymentItems>
        <DeploymentItem filename="CollisionLibrary.dll" />
      </DeploymentItems>
      <Execution id="387c8ff6-5cc9-43a0-83bb-f7bc78d3d8a7" />
      <TestMethod codeBase="C:/GitHub/elastic_collision/elastic-collision/collision/CollisionLibraryTestProject/bin/Debug/CollisionLibraryTestProject.DLL" adapterTypeName="Microsoft.VisualStudio.TestTools.TestTypes.Unit.UnitTestAdapter, Microsoft.VisualStudio.QualityTools.Tips.UnitTest.Adapter, Version=10.0.0.0, Culture=neutral, PublicKeyToken=b03f5f7f11d50a3a" className="CollisionLibraryTestProject.CollisionTest, CollisionLibraryTestProject, Version=1.0.0.0, Culture=neutral, PublicKeyToken=null" name="GetNextBallWallCollisionTestTwoDiffParrarelBalls" />
    </UnitTest>
    <UnitTest name="CalcTangentTestWithGivenNormal" storage="c:\github\elastic_collision\elastic-collision\collision\collisionlibrarytestproject\bin\debug\collisionlibrarytestproject.dll" id="c958cc52-009c-8b64-166e-da652b2033e8">
      <Execution id="dc82104d-2913-4d66-9d8e-b696a9041c69" />
      <TestMethod codeBase="C:/GitHub/elastic_collision/elastic-collision/collision/CollisionLibraryTestProject/bin/Debug/CollisionLibraryTestProject.DLL" adapterTypeName="Microsoft.VisualStudio.TestTools.TestTypes.Unit.UnitTestAdapter, Microsoft.VisualStudio.QualityTools.Tips.UnitTest.Adapter, Version=10.0.0.0, Culture=neutral, PublicKeyToken=b03f5f7f11d50a3a" className="CollisionLibraryTestProject.TransformationTest, CollisionLibraryTestProject, Version=1.0.0.0, Culture=neutral, PublicKeyToken=null" name="CalcTangentTestWithGivenNormal" />
    </UnitTest>
    <UnitTest name="CalcPostImpactVBallBallTest" storage="c:\github\elastic_collision\elastic-collision\collision\collisionlibrarytestproject\bin\debug\collisionlibrarytestproject.dll" id="027a4800-8390-355f-bb69-f94026fedaec">
      <Execution id="2efa3a49-1457-4eb1-abf6-e9ef2e814cad" />
      <TestMethod codeBase="C:/GitHub/elastic_collision/elastic-collision/collision/CollisionLibraryTestProject/bin/Debug/CollisionLibraryTestProject.DLL" adapterTypeName="Microsoft.VisualStudio.TestTools.TestTypes.Unit.UnitTestAdapter, Microsoft.VisualStudio.QualityTools.Tips.UnitTest.Adapter, Version=10.0.0.0, Culture=neutral, PublicKeyToken=b03f5f7f11d50a3a" className="CollisionLibraryTestProject.CollisionTest, CollisionLibraryTestProject, Version=1.0.0.0, Culture=neutral, PublicKeyToken=null" name="CalcPostImpactVBallBallTest" />
    </UnitTest>
    <UnitTest name="GetNextBallWallCollisionTestTwoTheSameParrarelBalls" storage="c:\github\elastic_collision\elastic-collision\collision\collisionlibrarytestproject\bin\debug\collisionlibrarytestproject.dll" id="37b52716-da34-c15f-e28a-1291c389449e">
      <DeploymentItems>
        <DeploymentItem filename="CollisionLibrary.dll" />
      </DeploymentItems>
      <Execution id="01a68c8d-2b67-471a-9c9e-a4e061557d75" />
      <TestMethod codeBase="C:/GitHub/elastic_collision/elastic-collision/collision/CollisionLibraryTestProject/bin/Debug/CollisionLibraryTestProject.DLL" adapterTypeName="Microsoft.VisualStudio.TestTools.TestTypes.Unit.UnitTestAdapter, Microsoft.VisualStudio.QualityTools.Tips.UnitTest.Adapter, Version=10.0.0.0, Culture=neutral, PublicKeyToken=b03f5f7f11d50a3a" className="CollisionLibraryTestProject.CollisionTest, CollisionLibraryTestProject, Version=1.0.0.0, Culture=neutral, PublicKeyToken=null" name="GetNextBallWallCollisionTestTwoTheSameParrarelBalls" />
    </UnitTest>
    <UnitTest name="Ball2ConstructorTestDefault" storage="c:\github\elastic_collision\elastic-collision\collision\collisionlibrarytestproject\bin\debug\collisionlibrarytestproject.dll" id="01dbbfbe-7c0f-f7a5-974d-f83eb21e709f">
      <Execution id="78efd55c-3430-49fd-a77d-9ca2874799d3" />
      <TestMethod codeBase="C:/GitHub/elastic_collision/elastic-collision/collision/CollisionLibraryTestProject/bin/Debug/CollisionLibraryTestProject.DLL" adapterTypeName="Microsoft.VisualStudio.TestTools.TestTypes.Unit.UnitTestAdapter, Microsoft.VisualStudio.QualityTools.Tips.UnitTest.Adapter, Version=10.0.0.0, Culture=neutral, PublicKeyToken=b03f5f7f11d50a3a" className="CollisionLibraryTestProject.Ball2Test, CollisionLibraryTestProject, Version=1.0.0.0, Culture=neutral, PublicKeyToken=null" name="Ball2ConstructorTestDefault" />
    </UnitTest>
    <UnitTest name="GetNextBallBallCollisionTestOneColl" storage="c:\github\elastic_collision\elastic-collision\collision\collisionlibrarytestproject\bin\debug\collisionlibrarytestproject.dll" id="5706bc5c-9e11-4309-7da3-559b179a1156">
      <Execution id="fe6eed99-1e7b-4d61-80a0-f84fdaae1554" />
      <TestMethod codeBase="C:/GitHub/elastic_collision/elastic-collision/collision/CollisionLibraryTestProject/bin/Debug/CollisionLibraryTestProject.DLL" adapterTypeName="Microsoft.VisualStudio.TestTools.TestTypes.Unit.UnitTestAdapter, Microsoft.VisualStudio.QualityTools.Tips.UnitTest.Adapter, Version=10.0.0.0, Culture=neutral, PublicKeyToken=b03f5f7f11d50a3a" className="CollisionLibraryTestProject.CollisionTest, CollisionLibraryTestProject, Version=1.0.0.0, Culture=neutral, PublicKeyToken=null" name="GetNextBallBallCollisionTestOneColl" />
    </UnitTest>
    <UnitTest name="MoveBallsToTimeTestCheckIfNextCollisionsIsUpdated" storage="c:\github\elastic_collision\elastic-collision\collision\collisionlibrarytestproject\bin\debug\collisionlibrarytestproject.dll" id="df5f5c38-cfd2-6516-3825-f9e1076b99ba">
      <Execution id="e134e6c7-c6bb-47ee-9fa4-a9cd1665b73e" />
      <TestMethod codeBase="C:/GitHub/elastic_collision/elastic-collision/collision/CollisionLibraryTestProject/bin/Debug/CollisionLibraryTestProject.DLL" adapterTypeName="Microsoft.VisualStudio.TestTools.TestTypes.Unit.UnitTestAdapter, Microsoft.VisualStudio.QualityTools.Tips.UnitTest.Adapter, Version=10.0.0.0, Culture=neutral, PublicKeyToken=b03f5f7f11d50a3a" className="CollisionLibraryTestProject.CollisionTest, CollisionLibraryTestProject, Version=1.0.0.0, Culture=neutral, PublicKeyToken=null" name="MoveBallsToTimeTestCheckIfNextCollisionsIsUpdated" />
    </UnitTest>
    <UnitTest name="CalcSmallerPositiveXTest" storage="c:\github\elastic_collision\elastic-collision\collision\collisionlibrarytestproject\bin\debug\collisionlibrarytestproject.dll" id="04aec189-043e-ca62-f16f-2761a476fe4e">
      <DeploymentItems>
        <DeploymentItem filename="CollisionLibrary.dll" />
      </DeploymentItems>
      <Execution id="3ecf36e3-d399-4795-b7a0-10dd3f5ef53d" />
      <TestMethod codeBase="C:/GitHub/elastic_collision/elastic-collision/collision/CollisionLibraryTestProject/bin/Debug/CollisionLibraryTestProject.DLL" adapterTypeName="Microsoft.VisualStudio.TestTools.TestTypes.Unit.UnitTestAdapter, Microsoft.VisualStudio.QualityTools.Tips.UnitTest.Adapter, Version=10.0.0.0, Culture=neutral, PublicKeyToken=b03f5f7f11d50a3a" className="CollisionLibraryTestProject.QuadraticEquationTest, CollisionLibraryTestProject, Version=1.0.0.0, Culture=neutral, PublicKeyToken=null" name="CalcSmallerPositiveXTest" />
    </UnitTest>
  </TestDefinitions>
  <TestLists>
    <TestList name="Results Not in a List" id="8c84fa94-04c1-424b-9868-57a2d4851a1d" />
    <TestList name="All Loaded Results" id="19431567-8539-422a-85d7-44ee4e166bda" />
  </TestLists>
  <TestEntries>
    <TestEntry testId="01dbbfbe-7c0f-f7a5-974d-f83eb21e709f" executionId="78efd55c-3430-49fd-a77d-9ca2874799d3" testListId="8c84fa94-04c1-424b-9868-57a2d4851a1d" />
    <TestEntry testId="027a4800-8390-355f-bb69-f94026fedaec" executionId="2efa3a49-1457-4eb1-abf6-e9ef2e814cad" testListId="8c84fa94-04c1-424b-9868-57a2d4851a1d" />
    <TestEntry testId="032206b2-427b-faa8-3e97-a121db3e0a31" executionId="88ffdfc5-f834-4ed4-96b3-522d76086f6f" testListId="8c84fa94-04c1-424b-9868-57a2d4851a1d" />
    <TestEntry testId="04aec189-043e-ca62-f16f-2761a476fe4e" executionId="3ecf36e3-d399-4795-b7a0-10dd3f5ef53d" testListId="8c84fa94-04c1-424b-9868-57a2d4851a1d" />
    <TestEntry testId="30e7782c-8729-7239-4543-6500720aba5e" executionId="b7365d29-d695-4b1f-9c25-f1aface11fa6" testListId="8c84fa94-04c1-424b-9868-57a2d4851a1d" />
    <TestEntry testId="34353e91-ace8-7a0f-99a2-039d8f4a7db2" executionId="a990d6f7-2fc4-458b-9321-e8b78324bd55" testListId="8c84fa94-04c1-424b-9868-57a2d4851a1d" />
    <TestEntry testId="37b52716-da34-c15f-e28a-1291c389449e" executionId="01a68c8d-2b67-471a-9c9e-a4e061557d75" testListId="8c84fa94-04c1-424b-9868-57a2d4851a1d" />
    <TestEntry testId="40aa7ec1-7f7a-70fb-9478-63e77f316a25" executionId="24d0fd72-5732-400c-9edf-c49bd559fec6" testListId="8c84fa94-04c1-424b-9868-57a2d4851a1d" />
    <TestEntry testId="4634d7bf-d54b-df2a-1a73-f348a6c652ae" executionId="79f4c29d-dfd7-40e4-bd98-7ef4b6d82a9c" testListId="8c84fa94-04c1-424b-9868-57a2d4851a1d" />
    <TestEntry testId="5706bc5c-9e11-4309-7da3-559b179a1156" executionId="fe6eed99-1e7b-4d61-80a0-f84fdaae1554" testListId="8c84fa94-04c1-424b-9868-57a2d4851a1d" />
    <TestEntry testId="58ee5bcc-8c6f-c602-a62f-ce50ed8cb54d" executionId="91c44a1a-ce04-45a3-8a3d-296d01c77754" testListId="8c84fa94-04c1-424b-9868-57a2d4851a1d" />
    <TestEntry testId="668cf586-4fac-4e50-8a1d-2acfc3cbf178" executionId="761dd530-7b87-4398-b3ab-153a2fc310e3" testListId="8c84fa94-04c1-424b-9868-57a2d4851a1d" />
    <TestEntry testId="73f76c6c-5436-6e0a-c0de-a320db1d0190" executionId="6db3882f-fc23-4db2-be8d-2c689f6d13ad" testListId="8c84fa94-04c1-424b-9868-57a2d4851a1d" />
    <TestEntry testId="784e8f61-09fe-d925-2bfc-30883fabec82" executionId="86846fa1-b839-462a-8798-549978bccbb9" testListId="8c84fa94-04c1-424b-9868-57a2d4851a1d" />
    <TestEntry testId="7d761d72-251c-20d5-aab6-9dcc35eeaf1c" executionId="c28f4c50-c720-49a9-a504-79bf992d8683" testListId="8c84fa94-04c1-424b-9868-57a2d4851a1d" />
    <TestEntry testId="7ed5f16e-f344-44ac-916b-65054d8bd01b" executionId="f21cfcdf-d6b0-4085-b140-3adab16f53c7" testListId="8c84fa94-04c1-424b-9868-57a2d4851a1d" />
    <TestEntry testId="83e512b6-d982-3129-eb57-35fb4084a312" executionId="387c8ff6-5cc9-43a0-83bb-f7bc78d3d8a7" testListId="8c84fa94-04c1-424b-9868-57a2d4851a1d" />
    <TestEntry testId="91370910-7b93-11ae-cf00-2de71bf169a8" executionId="c6bcf06a-2571-4084-a5d3-0e0fea4d7e4b" testListId="8c84fa94-04c1-424b-9868-57a2d4851a1d" />
    <TestEntry testId="a0e243aa-6d6f-0caa-119c-cc5cf78a3b81" executionId="4b895582-0677-4ab4-b698-f0986e6620e9" testListId="8c84fa94-04c1-424b-9868-57a2d4851a1d" />
    <TestEntry testId="bb2906cf-c1cb-d472-a450-236ab18fe0d2" executionId="1770e4b2-0802-4ae4-ac0f-d414a3fa4a04" testListId="8c84fa94-04c1-424b-9868-57a2d4851a1d" />
    <TestEntry testId="bbe8b09c-135d-d595-ee98-0f76cfe71c8b" executionId="88171b20-cb69-42f5-b4a6-75907ff49c1f" testListId="8c84fa94-04c1-424b-9868-57a2d4851a1d" />
    <TestEntry testId="c1863ef5-7966-c091-6434-a5be8c7371cc" executionId="33faffb8-5970-4332-bf8e-fef0a36ef749" testListId="8c84fa94-04c1-424b-9868-57a2d4851a1d" />
    <TestEntry testId="c4c0d519-5736-4288-25ad-cc60957d2be9" executionId="5a1b5692-c1f2-4587-8278-82621693757e" testListId="8c84fa94-04c1-424b-9868-57a2d4851a1d" />
    <TestEntry testId="c958cc52-009c-8b64-166e-da652b2033e8" executionId="dc82104d-2913-4d66-9d8e-b696a9041c69" testListId="8c84fa94-04c1-424b-9868-57a2d4851a1d" />
    <TestEntry testId="dd22bf8f-6c73-d575-32f8-6d9ecb277f31" executionId="2cdc37ae-addb-4df6-b98a-435eed68b3c1" testListId="8c84fa94-04c1-424b-9868-57a2d4851a1d" />
    <TestEntry testId="df5f5c38-cfd2-6516-3825-f9e1076b99ba" executionId="e134e6c7-c6bb-47ee-9fa4-a9cd1665b73e" testListId="8c84fa94-04c1-424b-9868-57a2d4851a1d" />
    <TestEntry testId="e8258cd7-530e-8306-5955-7a3457761eb3" executionId="e10ce934-abfc-45be-9d10-99dcfdb3430d" testListId="8c84fa94-04c1-424b-9868-57a2d4851a1d" />
    <TestEntry testId="f8a6fddc-bbdc-a807-1c05-aef0110fa10e" executionId="8554dc28-576c-479c-bf23-2f8b9cf26d9d" testListId="8c84fa94-04c1-424b-9868-57a2d4851a1d" />
  </TestEntries>
  <Results>
    <UnitTestResult executionId="78efd55c-3430-49fd-a77d-9ca2874799d3" testId="01dbbfbe-7c0f-f7a5-974d-f83eb21e709f" testName="Ball2ConstructorTestDefault" computerName="EWA-DELLV131" duration="00:00:00.0152390" startTime="2014-07-06T17:47:37.1103488+02:00" endTime="2014-07-06T17:47:37.3163606+02:00" testType="13cdc9d9-ddb5-4fa4-a97d-d965ccfc6d4b" outcome="Passed" testListId="8c84fa94-04c1-424b-9868-57a2d4851a1d" relativeResultsDirectory="78efd55c-3430-49fd-a77d-9ca2874799d3">
    </UnitTestResult>
    <UnitTestResult executionId="2efa3a49-1457-4eb1-abf6-e9ef2e814cad" testId="027a4800-8390-355f-bb69-f94026fedaec" testName="CalcPostImpactVBallBallTest" computerName="EWA-DELLV131" duration="00:00:00.0029220" startTime="2014-07-06T17:47:37.3173607+02:00" endTime="2014-07-06T17:47:37.3223610+02:00" testType="13cdc9d9-ddb5-4fa4-a97d-d965ccfc6d4b" outcome="Passed" testListId="8c84fa94-04c1-424b-9868-57a2d4851a1d" relativeResultsDirectory="2efa3a49-1457-4eb1-abf6-e9ef2e814cad">
    </UnitTestResult>
    <UnitTestResult executionId="88ffdfc5-f834-4ed4-96b3-522d76086f6f" testId="032206b2-427b-faa8-3e97-a121db3e0a31" testName="InstancesTestBallWallBall" computerName="EWA-DELLV131" duration="00:00:00.0005336" startTime="2014-07-06T17:47:37.3233610+02:00" endTime="2014-07-06T17:47:37.3263612+02:00" testType="13cdc9d9-ddb5-4fa4-a97d-d965ccfc6d4b" outcome="Passed" testListId="8c84fa94-04c1-424b-9868-57a2d4851a1d" relativeResultsDirectory="88ffdfc5-f834-4ed4-96b3-522d76086f6f">
    </UnitTestResult>
    <UnitTestResult executionId="3ecf36e3-d399-4795-b7a0-10dd3f5ef53d" testId="04aec189-043e-ca62-f16f-2761a476fe4e" testName="CalcSmallerPositiveXTest" computerName="EWA-DELLV131" duration="00:00:00.0006966" startTime="2014-07-06T17:47:37.3273613+02:00" endTime="2014-07-06T17:47:37.3303614+02:00" testType="13cdc9d9-ddb5-4fa4-a97d-d965ccfc6d4b" outcome="Passed" testListId="8c84fa94-04c1-424b-9868-57a2d4851a1d" relativeResultsDirectory="3ecf36e3-d399-4795-b7a0-10dd3f5ef53d">
    </UnitTestResult>
    <UnitTestResult executionId="b7365d29-d695-4b1f-9c25-f1aface11fa6" testId="30e7782c-8729-7239-4543-6500720aba5e" testName="VTest" computerName="EWA-DELLV131" duration="00:00:00.0002488" startTime="2014-07-06T17:47:37.3313615+02:00" endTime="2014-07-06T17:47:37.3333616+02:00" testType="13cdc9d9-ddb5-4fa4-a97d-d965ccfc6d4b" outcome="Passed" testListId="8c84fa94-04c1-424b-9868-57a2d4851a1d" relativeResultsDirectory="b7365d29-d695-4b1f-9c25-f1aface11fa6">
    </UnitTestResult>
    <UnitTestResult executionId="a990d6f7-2fc4-458b-9321-e8b78324bd55" testId="34353e91-ace8-7a0f-99a2-039d8f4a7db2" testName="CalcPostImpactVBallWallTestBottom" computerName="EWA-DELLV131" duration="00:00:00.0009741" startTime="2014-07-06T17:47:37.3343617+02:00" endTime="2014-07-06T17:47:37.3373618+02:00" testType="13cdc9d9-ddb5-4fa4-a97d-d965ccfc6d4b" outcome="Passed" testListId="8c84fa94-04c1-424b-9868-57a2d4851a1d" relativeResultsDirectory="a990d6f7-2fc4-458b-9321-e8b78324bd55">
    </UnitTestResult>
    <UnitTestResult executionId="01a68c8d-2b67-471a-9c9e-a4e061557d75" testId="37b52716-da34-c15f-e28a-1291c389449e" testName="GetNextBallWallCollisionTestTwoTheSameParrarelBalls" computerName="EWA-DELLV131" duration="00:00:00.0024516" startTime="2014-07-06T17:47:37.3383619+02:00" endTime="2014-07-06T17:47:37.3433622+02:00" testType="13cdc9d9-ddb5-4fa4-a97d-d965ccfc6d4b" outcome="Passed" testListId="8c84fa94-04c1-424b-9868-57a2d4851a1d" relativeResultsDirectory="01a68c8d-2b67-471a-9c9e-a4e061557d75">
    </UnitTestResult>
    <UnitTestResult executionId="24d0fd72-5732-400c-9edf-c49bd559fec6" testId="40aa7ec1-7f7a-70fb-9478-63e77f316a25" testName="CalcPostImpactVBallWallTestLeftWallFirstObjBall" computerName="EWA-DELLV131" duration="00:00:00.0003421" startTime="2014-07-06T17:47:37.3443622+02:00" endTime="2014-07-06T17:47:37.3463623+02:00" testType="13cdc9d9-ddb5-4fa4-a97d-d965ccfc6d4b" outcome="Passed" testListId="8c84fa94-04c1-424b-9868-57a2d4851a1d" relativeResultsDirectory="24d0fd72-5732-400c-9edf-c49bd559fec6">
    </UnitTestResult>
    <UnitTestResult executionId="79f4c29d-dfd7-40e4-bd98-7ef4b6d82a9c" testId="4634d7bf-d54b-df2a-1a73-f348a6c652ae" testName="CalcTangentTest" computerName="EWA-DELLV131" duration="00:00:00.0006889" startTime="2014-07-06T17:47:37.3473624+02:00" endTime="2014-07-06T17:47:37.3513626+02:00" testType="13cdc9d9-ddb5-4fa4-a97d-d965ccfc6d4b" outcome="Passed" testListId="8c84fa94-04c1-424b-9868-57a2d4851a1d" relativeResultsDirectory="79f4c29d-dfd7-40e4-bd98-7ef4b6d82a9c">
    </UnitTestResult>
    <UnitTestResult executionId="fe6eed99-1e7b-4d61-80a0-f84fdaae1554" testId="5706bc5c-9e11-4309-7da3-559b179a1156" testName="GetNextBallBallCollisionTestOneColl" computerName="EWA-DELLV131" duration="00:00:00.0014351" startTime="2014-07-06T17:47:37.3523627+02:00" endTime="2014-07-06T17:47:37.3573630+02:00" testType="13cdc9d9-ddb5-4fa4-a97d-d965ccfc6d4b" outcome="Passed" testListId="8c84fa94-04c1-424b-9868-57a2d4851a1d" relativeResultsDirectory="fe6eed99-1e7b-4d61-80a0-f84fdaae1554">
    </UnitTestResult>
    <UnitTestResult executionId="91c44a1a-ce04-45a3-8a3d-296d01c77754" testId="58ee5bcc-8c6f-c602-a62f-ce50ed8cb54d" testName="Ball2ConstructorTestStationaryWithCoord" computerName="EWA-DELLV131" duration="00:00:00.0002775" startTime="2014-07-06T17:47:37.3583630+02:00" endTime="2014-07-06T17:47:37.3613632+02:00" testType="13cdc9d9-ddb5-4fa4-a97d-d965ccfc6d4b" outcome="Passed" testListId="8c84fa94-04c1-424b-9868-57a2d4851a1d" relativeResultsDirectory="91c44a1a-ce04-45a3-8a3d-296d01c77754">
    </UnitTestResult>
    <UnitTestResult executionId="761dd530-7b87-4398-b3ab-153a2fc310e3" testId="668cf586-4fac-4e50-8a1d-2acfc3cbf178" testName="CalcPostImpactVBallWallTestTop" computerName="EWA-DELLV131" duration="00:00:00.0005529" startTime="2014-07-06T17:47:37.3633633+02:00" endTime="2014-07-06T17:47:37.3673635+02:00" testType="13cdc9d9-ddb5-4fa4-a97d-d965ccfc6d4b" outcome="Passed" testListId="8c84fa94-04c1-424b-9868-57a2d4851a1d" relativeResultsDirectory="761dd530-7b87-4398-b3ab-153a2fc310e3">
    </UnitTestResult>
    <UnitTestResult executionId="6db3882f-fc23-4db2-be8d-2c689f6d13ad" testId="73f76c6c-5436-6e0a-c0de-a320db1d0190" testName="CalcPostImpactVBallWallTestRight" computerName="EWA-DELLV131" duration="00:00:00.0005559" startTime="2014-07-06T17:47:37.3683636+02:00" endTime="2014-07-06T17:47:37.3733639+02:00" testType="13cdc9d9-ddb5-4fa4-a97d-d965ccfc6d4b" outcome="Passed" testListId="8c84fa94-04c1-424b-9868-57a2d4851a1d" relativeResultsDirectory="6db3882f-fc23-4db2-be8d-2c689f6d13ad">
    </UnitTestResult>
    <UnitTestResult executionId="86846fa1-b839-462a-8798-549978bccbb9" testId="784e8f61-09fe-d925-2bfc-30883fabec82" testName="CalcPostImpactVBallWallTestLeftWallSecondObjBall" computerName="EWA-DELLV131" duration="00:00:00.0004473" startTime="2014-07-06T17:47:37.3743639+02:00" endTime="2014-07-06T17:47:37.3773641+02:00" testType="13cdc9d9-ddb5-4fa4-a97d-d965ccfc6d4b" outcome="Passed" testListId="8c84fa94-04c1-424b-9868-57a2d4851a1d" relativeResultsDirectory="86846fa1-b839-462a-8798-549978bccbb9">
    </UnitTestResult>
    <UnitTestResult executionId="c28f4c50-c720-49a9-a504-79bf992d8683" testId="7d761d72-251c-20d5-aab6-9dcc35eeaf1c" testName="InstancesTestBallAndWall" computerName="EWA-DELLV131" duration="00:00:00.0001997" startTime="2014-07-06T17:47:37.3783642+02:00" endTime="2014-07-06T17:47:37.3803643+02:00" testType="13cdc9d9-ddb5-4fa4-a97d-d965ccfc6d4b" outcome="Passed" testListId="8c84fa94-04c1-424b-9868-57a2d4851a1d" relativeResultsDirectory="c28f4c50-c720-49a9-a504-79bf992d8683">
    </UnitTestResult>
    <UnitTestResult executionId="f21cfcdf-d6b0-4085-b140-3adab16f53c7" testId="7ed5f16e-f344-44ac-916b-65054d8bd01b" testName="GetNextBallBallCollisionTestTwoColl" computerName="EWA-DELLV131" duration="00:00:00.0005182" startTime="2014-07-06T17:47:37.3813643+02:00" endTime="2014-07-06T17:47:37.3843645+02:00" testType="13cdc9d9-ddb5-4fa4-a97d-d965ccfc6d4b" outcome="Passed" testListId="8c84fa94-04c1-424b-9868-57a2d4851a1d" relativeResultsDirectory="f21cfcdf-d6b0-4085-b140-3adab16f53c7">
    </UnitTestResult>
    <UnitTestResult executionId="387c8ff6-5cc9-43a0-83bb-f7bc78d3d8a7" testId="83e512b6-d982-3129-eb57-35fb4084a312" testName="GetNextBallWallCollisionTestTwoDiffParrarelBalls" computerName="EWA-DELLV131" duration="00:00:00.0004083" startTime="2014-07-06T17:47:37.3853646+02:00" endTime="2014-07-06T17:47:37.3873647+02:00" testType="13cdc9d9-ddb5-4fa4-a97d-d965ccfc6d4b" outcome="Passed" testListId="8c84fa94-04c1-424b-9868-57a2d4851a1d" relativeResultsDirectory="387c8ff6-5cc9-43a0-83bb-f7bc78d3d8a7">
    </UnitTestResult>
    <UnitTestResult executionId="c6bcf06a-2571-4084-a5d3-0e0fea4d7e4b" testId="91370910-7b93-11ae-cf00-2de71bf169a8" testName="CalcNormalTest" computerName="EWA-DELLV131" duration="00:00:00.0002672" startTime="2014-07-06T17:47:37.3883647+02:00" endTime="2014-07-06T17:47:37.3903649+02:00" testType="13cdc9d9-ddb5-4fa4-a97d-d965ccfc6d4b" outcome="Passed" testListId="8c84fa94-04c1-424b-9868-57a2d4851a1d" relativeResultsDirectory="c6bcf06a-2571-4084-a5d3-0e0fea4d7e4b">
    </UnitTestResult>
    <UnitTestResult executionId="4b895582-0677-4ab4-b698-f0986e6620e9" testId="a0e243aa-6d6f-0caa-119c-cc5cf78a3b81" testName="InstancesTestTwoBalls" computerName="EWA-DELLV131" duration="00:00:00.0002091" startTime="2014-07-06T17:47:37.3913649+02:00" endTime="2014-07-06T17:47:37.3943651+02:00" testType="13cdc9d9-ddb5-4fa4-a97d-d965ccfc6d4b" outcome="Passed" testListId="8c84fa94-04c1-424b-9868-57a2d4851a1d" relativeResultsDirectory="4b895582-0677-4ab4-b698-f0986e6620e9">
    </UnitTestResult>
    <UnitTestResult executionId="1770e4b2-0802-4ae4-ac0f-d414a3fa4a04" testId="bb2906cf-c1cb-d472-a450-236ab18fe0d2" testName="CalcDeltaTest" computerName="EWA-DELLV131" duration="00:00:00.0028599" startTime="2014-07-06T17:47:37.3953651+02:00" endTime="2014-07-06T17:47:37.4003654+02:00" testType="13cdc9d9-ddb5-4fa4-a97d-d965ccfc6d4b" outcome="Passed" testListId="8c84fa94-04c1-424b-9868-57a2d4851a1d" relativeResultsDirectory="1770e4b2-0802-4ae4-ac0f-d414a3fa4a04">
    </UnitTestResult>
    <UnitTestResult executionId="88171b20-cb69-42f5-b4a6-75907ff49c1f" testId="bbe8b09c-135d-d595-ee98-0f76cfe71c8b" testName="RTest" computerName="EWA-DELLV131" duration="00:00:00.0002279" startTime="2014-07-06T17:47:37.4013655+02:00" endTime="2014-07-06T17:47:37.4043657+02:00" testType="13cdc9d9-ddb5-4fa4-a97d-d965ccfc6d4b" outcome="Passed" testListId="8c84fa94-04c1-424b-9868-57a2d4851a1d" relativeResultsDirectory="88171b20-cb69-42f5-b4a6-75907ff49c1f">
    </UnitTestResult>
    <UnitTestResult executionId="33faffb8-5970-4332-bf8e-fef0a36ef749" testId="c1863ef5-7966-c091-6434-a5be8c7371cc" testName="CoordinatesTest" computerName="EWA-DELLV131" duration="00:00:00.0002523" startTime="2014-07-06T17:47:37.4053657+02:00" endTime="2014-07-06T17:47:37.4073658+02:00" testType="13cdc9d9-ddb5-4fa4-a97d-d965ccfc6d4b" outcome="Passed" testListId="8c84fa94-04c1-424b-9868-57a2d4851a1d" relativeResultsDirectory="33faffb8-5970-4332-bf8e-fef0a36ef749">
    </UnitTestResult>
    <UnitTestResult executionId="5a1b5692-c1f2-4587-8278-82621693757e" testId="c4c0d519-5736-4288-25ad-cc60957d2be9" testName="MTest" computerName="EWA-DELLV131" duration="00:00:00.0002369" startTime="2014-07-06T17:47:37.4083659+02:00" endTime="2014-07-06T17:47:37.4103660+02:00" testType="13cdc9d9-ddb5-4fa4-a97d-d965ccfc6d4b" outcome="Passed" testListId="8c84fa94-04c1-424b-9868-57a2d4851a1d" relativeResultsDirectory="5a1b5692-c1f2-4587-8278-82621693757e">
    </UnitTestResult>
    <UnitTestResult executionId="dc82104d-2913-4d66-9d8e-b696a9041c69" testId="c958cc52-009c-8b64-166e-da652b2033e8" testName="CalcTangentTestWithGivenNormal" computerName="EWA-DELLV131" duration="00:00:00.0002198" startTime="2014-07-06T17:47:37.4113661+02:00" endTime="2014-07-06T17:47:37.4143662+02:00" testType="13cdc9d9-ddb5-4fa4-a97d-d965ccfc6d4b" outcome="Passed" testListId="8c84fa94-04c1-424b-9868-57a2d4851a1d" relativeResultsDirectory="dc82104d-2913-4d66-9d8e-b696a9041c69">
    </UnitTestResult>
    <UnitTestResult executionId="2cdc37ae-addb-4df6-b98a-435eed68b3c1" testId="dd22bf8f-6c73-d575-32f8-6d9ecb277f31" testName="Ball2ConstructorTest2" computerName="EWA-DELLV131" duration="00:00:00.0002724" startTime="2014-07-06T17:47:37.4153663+02:00" endTime="2014-07-06T17:47:37.4173664+02:00" testType="13cdc9d9-ddb5-4fa4-a97d-d965ccfc6d4b" outcome="Passed" testListId="8c84fa94-04c1-424b-9868-57a2d4851a1d" relativeResultsDirectory="2cdc37ae-addb-4df6-b98a-435eed68b3c1">
    </UnitTestResult>
    <UnitTestResult executionId="e134e6c7-c6bb-47ee-9fa4-a9cd1665b73e" testId="df5f5c38-cfd2-6516-3825-f9e1076b99ba" testName="MoveBallsToTimeTestCheckIfNextCollisionsIsUpdated" computerName="EWA-DELLV131" duration="00:00:00.0009390" startTime="2014-07-06T17:47:37.4183665+02:00" endTime="2014-07-06T17:47:37.4213666+02:00" testType="13cdc9d9-ddb5-4fa4-a97d-d965ccfc6d4b" outcome="Passed" testListId="8c84fa94-04c1-424b-9868-57a2d4851a1d" relativeResultsDirectory="e134e6c7-c6bb-47ee-9fa4-a9cd1665b73e">
    </UnitTestResult>
    <UnitTestResult executionId="e10ce934-abfc-45be-9d10-99dcfdb3430d" testId="e8258cd7-530e-8306-5955-7a3457761eb3" testName="ProjectionTest" computerName="EWA-DELLV131" duration="00:00:00.0002433" startTime="2014-07-06T17:47:37.4223667+02:00" endTime="2014-07-06T17:47:37.4243668+02:00" testType="13cdc9d9-ddb5-4fa4-a97d-d965ccfc6d4b" outcome="Passed" testListId="8c84fa94-04c1-424b-9868-57a2d4851a1d" relativeResultsDirectory="e10ce934-abfc-45be-9d10-99dcfdb3430d">
    </UnitTestResult>
    <UnitTestResult executionId="8554dc28-576c-479c-bf23-2f8b9cf26d9d" testId="f8a6fddc-bbdc-a807-1c05-aef0110fa10e" testName="GetBallWallCollisionTimeTestRightWall" computerName="EWA-DELLV131" duration="00:00:00.0003130" startTime="2014-07-06T17:47:37.4253669+02:00" endTime="2014-07-06T17:47:37.4283670+02:00" testType="13cdc9d9-ddb5-4fa4-a97d-d965ccfc6d4b" outcome="Passed" testListId="8c84fa94-04c1-424b-9868-57a2d4851a1d" relativeResultsDirectory="8554dc28-576c-479c-bf23-2f8b9cf26d9d">
    </UnitTestResult>
  </Results>
</TestRun>