<?xml version="1.0" encoding="UTF-8"?>
<TestRun id="ebd1ccbd-fc5a-4a74-b117-d894f129ee44" name="Ewa@EWA-DELLV131 2014-07-06 14:05:43" runUser="Ewa-DellV131\Ewa" xmlns="http://microsoft.com/schemas/VisualStudio/TeamTest/2010">
  <TestSettings name="Local" id="c4f4939b-3f88-4cfc-b325-a068545cd073">
    <Description>These are default test settings for a local test run.</Description>
    <Deployment enabled="false" runDeploymentRoot="Ewa_EWA-DELLV131 2014-07-06 14_05_43">
      <DeploymentItem filename="C:\GitHub\elastic_collision\elastic-collision\collision\CollisionLibrary\bin\x86\Debug\CollisionLibrary.dll" />
    </Deployment>
    <Execution>
      <TestTypeSpecific />
      <AgentRule name="Execution Agents">
      </AgentRule>
    </Execution>
  </TestSettings>
  <Times creation="2014-07-06T14:05:43.0407556+02:00" queuing="2014-07-06T14:05:44.3218289+02:00" start="2014-07-06T14:05:44.3408300+02:00" finish="2014-07-06T14:05:44.5948445+02:00" />
  <ResultSummary outcome="Completed">
    <Counters total="1" executed="1" passed="1" error="0" failed="0" timeout="0" aborted="0" inconclusive="0" passedButRunAborted="0" notRunnable="0" notExecuted="0" disconnected="0" warning="0" completed="0" inProgress="0" pending="0" />
  </ResultSummary>
  <TestDefinitions>
    <UnitTest name="MoveBallsToCollisionTimeTest" storage="c:\github\elastic_collision\elastic-collision\collision\collisionlibrarytestproject\bin\debug\collisionlibrarytestproject.dll" id="a9dd207d-b17d-56fb-fd27-f7e87e1a2818">
      <Execution id="8c1fddd6-7b84-4e8e-967e-e17be3cc0d59" />
      <TestMethod codeBase="C:/GitHub/elastic_collision/elastic-collision/collision/CollisionLibraryTestProject/bin/Debug/CollisionLibraryTestProject.DLL" adapterTypeName="Microsoft.VisualStudio.TestTools.TestTypes.Unit.UnitTestAdapter, Microsoft.VisualStudio.QualityTools.Tips.UnitTest.Adapter, Version=10.0.0.0, Culture=neutral, PublicKeyToken=b03f5f7f11d50a3a" className="CollisionLibraryTestProject.CollisionTest, CollisionLibraryTestProject, Version=1.0.0.0, Culture=neutral, PublicKeyToken=null" name="MoveBallsToCollisionTimeTest" />
    </UnitTest>
  </TestDefinitions>
  <TestLists>
    <TestList name="Results Not in a List" id="8c84fa94-04c1-424b-9868-57a2d4851a1d" />
    <TestList name="All Loaded Results" id="19431567-8539-422a-85d7-44ee4e166bda" />
  </TestLists>
  <TestEntries>
    <TestEntry testId="a9dd207d-b17d-56fb-fd27-f7e87e1a2818" executionId="8c1fddd6-7b84-4e8e-967e-e17be3cc0d59" testListId="8c84fa94-04c1-424b-9868-57a2d4851a1d" />
  </TestEntries>
  <Results>
    <UnitTestResult executionId="8c1fddd6-7b84-4e8e-967e-e17be3cc0d59" testId="a9dd207d-b17d-56fb-fd27-f7e87e1a2818" testName="MoveBallsToCollisionTimeTest" computerName="EWA-DELLV131" duration="00:00:00.0229073" startTime="2014-07-06T14:05:44.3438302+02:00" endTime="2014-07-06T14:05:44.5808437+02:00" testType="13cdc9d9-ddb5-4fa4-a97d-d965ccfc6d4b" outcome="Passed" testListId="8c84fa94-04c1-424b-9868-57a2d4851a1d" relativeResultsDirectory="8c1fddd6-7b84-4e8e-967e-e17be3cc0d59">
    </UnitTestResult>
  </Results>
</TestRun>